Archive member included to satisfy reference by file (symbol)

../StdPeriphDriver\libISP583.a(ISP583.o)
                              ./src/Main.o (FLASH_EEPROM_CMD)
c:/mounriver/mounriver_studio/toolchain/risc-v embedded gcc/bin/../lib/gcc/riscv-none-embed/8.2.0/rv32imac/ilp32\libgcc.a(_udivdi3.o)
                              ./src/modbus.o (__udivdi3)
c:/mounriver/mounriver_studio/toolchain/risc-v embedded gcc/bin/../lib/gcc/riscv-none-embed/8.2.0/rv32imac/ilp32\libgcc.a(adddf3.o)
                              ./src/onewire.o (__adddf3)
c:/mounriver/mounriver_studio/toolchain/risc-v embedded gcc/bin/../lib/gcc/riscv-none-embed/8.2.0/rv32imac/ilp32\libgcc.a(divdf3.o)
                              ./src/onewire.o (__divdf3)
c:/mounriver/mounriver_studio/toolchain/risc-v embedded gcc/bin/../lib/gcc/riscv-none-embed/8.2.0/rv32imac/ilp32\libgcc.a(muldf3.o)
                              ./src/onewire.o (__muldf3)
c:/mounriver/mounriver_studio/toolchain/risc-v embedded gcc/bin/../lib/gcc/riscv-none-embed/8.2.0/rv32imac/ilp32\libgcc.a(subdf3.o)
                              ./src/onewire.o (__subdf3)
c:/mounriver/mounriver_studio/toolchain/risc-v embedded gcc/bin/../lib/gcc/riscv-none-embed/8.2.0/rv32imac/ilp32\libgcc.a(floatsidf.o)
                              ./src/onewire.o (__floatsidf)
c:/mounriver/mounriver_studio/toolchain/risc-v embedded gcc/bin/../lib/gcc/riscv-none-embed/8.2.0/rv32imac/ilp32\libgcc.a(addsf3.o)
                              ./src/onewire.o (__addsf3)
c:/mounriver/mounriver_studio/toolchain/risc-v embedded gcc/bin/../lib/gcc/riscv-none-embed/8.2.0/rv32imac/ilp32\libgcc.a(gesf2.o)
                              ./src/onewire.o (__gesf2)
c:/mounriver/mounriver_studio/toolchain/risc-v embedded gcc/bin/../lib/gcc/riscv-none-embed/8.2.0/rv32imac/ilp32\libgcc.a(lesf2.o)
                              ./src/onewire.o (__lesf2)
c:/mounriver/mounriver_studio/toolchain/risc-v embedded gcc/bin/../lib/gcc/riscv-none-embed/8.2.0/rv32imac/ilp32\libgcc.a(mulsf3.o)
                              ./src/onewire.o (__mulsf3)
c:/mounriver/mounriver_studio/toolchain/risc-v embedded gcc/bin/../lib/gcc/riscv-none-embed/8.2.0/rv32imac/ilp32\libgcc.a(subsf3.o)
                              ./src/onewire.o (__subsf3)
c:/mounriver/mounriver_studio/toolchain/risc-v embedded gcc/bin/../lib/gcc/riscv-none-embed/8.2.0/rv32imac/ilp32\libgcc.a(fixunssfsi.o)
                              ./src/onewire.o (__fixunssfsi)
c:/mounriver/mounriver_studio/toolchain/risc-v embedded gcc/bin/../lib/gcc/riscv-none-embed/8.2.0/rv32imac/ilp32\libgcc.a(floatsisf.o)
                              ./src/onewire.o (__floatsisf)
c:/mounriver/mounriver_studio/toolchain/risc-v embedded gcc/bin/../lib/gcc/riscv-none-embed/8.2.0/rv32imac/ilp32\libgcc.a(extendsfdf2.o)
                              ./src/onewire.o (__extendsfdf2)
c:/mounriver/mounriver_studio/toolchain/risc-v embedded gcc/bin/../lib/gcc/riscv-none-embed/8.2.0/rv32imac/ilp32\libgcc.a(truncdfsf2.o)
                              ./src/onewire.o (__truncdfsf2)
c:/mounriver/mounriver_studio/toolchain/risc-v embedded gcc/bin/../lib/gcc/riscv-none-embed/8.2.0/rv32imac/ilp32\libgcc.a(_clz.o)
                              c:/mounriver/mounriver_studio/toolchain/risc-v embedded gcc/bin/../lib/gcc/riscv-none-embed/8.2.0/rv32imac/ilp32\libgcc.a(_udivdi3.o) (__clz_tab)
c:/mounriver/mounriver_studio/toolchain/risc-v embedded gcc/bin/../lib/gcc/riscv-none-embed/8.2.0/rv32imac/ilp32\libgcc.a(_clzsi2.o)
                              c:/mounriver/mounriver_studio/toolchain/risc-v embedded gcc/bin/../lib/gcc/riscv-none-embed/8.2.0/rv32imac/ilp32\libgcc.a(adddf3.o) (__clzsi2)
c:/mounriver/mounriver_studio/toolchain/risc-v embedded gcc/bin/../lib/gcc/riscv-none-embed/8.2.0/../../../../riscv-none-embed/lib/rv32imac/ilp32\libg_nano.a(lib_a-locale.o)
                              ./src/utils/log.o (__locale_ctype_ptr)
c:/mounriver/mounriver_studio/toolchain/risc-v embedded gcc/bin/../lib/gcc/riscv-none-embed/8.2.0/../../../../riscv-none-embed/lib/rv32imac/ilp32\libg_nano.a(lib_a-malloc.o)
                              ./src/liblightmodbus-impl.o (free)
c:/mounriver/mounriver_studio/toolchain/risc-v embedded gcc/bin/../lib/gcc/riscv-none-embed/8.2.0/../../../../riscv-none-embed/lib/rv32imac/ilp32\libg_nano.a(lib_a-mbtowc_r.o)
                              c:/mounriver/mounriver_studio/toolchain/risc-v embedded gcc/bin/../lib/gcc/riscv-none-embed/8.2.0/../../../../riscv-none-embed/lib/rv32imac/ilp32\libg_nano.a(lib_a-locale.o) (__ascii_mbtowc)
c:/mounriver/mounriver_studio/toolchain/risc-v embedded gcc/bin/../lib/gcc/riscv-none-embed/8.2.0/../../../../riscv-none-embed/lib/rv32imac/ilp32\libg_nano.a(lib_a-memcmp.o)
                              ./src/configtool.o (memcmp)
c:/mounriver/mounriver_studio/toolchain/risc-v embedded gcc/bin/../lib/gcc/riscv-none-embed/8.2.0/../../../../riscv-none-embed/lib/rv32imac/ilp32\libg_nano.a(lib_a-memcpy.o)
                              ./src/utils/md5.o (memcpy)
[...]
Memory Configuration

Name             Origin             Length             Attributes
FLASH            0x0000000000000000 0x0000000000070000 xr
RAM              0x0000000020000000 0x0000000000008000 xrw
*default*        0x0000000000000000 0xffffffffffffffff

Linker script and memory map

LOAD ./src/utils/crc.o
LOAD ./src/utils/crc16.o
LOAD ./src/utils/log.o
LOAD ./src/utils/md5.o
LOAD ./src/modbus/coils.o
LOAD ./src/modbus/discrete_input.o
LOAD ./src/modbus/iregs.o
LOAD ./src/modbus/regs.o
LOAD ./src/Main.o
LOAD ./src/appinfo.o
LOAD ./src/bmp.o
LOAD ./src/configtool.o
LOAD ./src/display.o
LOAD ./src/liblightmodbus-impl.o
LOAD ./src/modbus.o
LOAD ./src/oled.o
LOAD ./src/onewire.o
LOAD ./src/sensor.o
LOAD ./src/storage.o
LOAD ./src/uid.o
LOAD ./src/version.o
LOAD ./src/worktime.o
LOAD ./StdPeriphDriver/CH58x_adc.o
LOAD ./StdPeriphDriver/CH58x_clk.o
LOAD ./StdPeriphDriver/CH58x_flash.o
LOAD ./StdPeriphDriver/CH58x_gpio.o
LOAD ./StdPeriphDriver/CH58x_i2c.o
LOAD ./StdPeriphDriver/CH58x_pwr.o
LOAD ./StdPeriphDriver/CH58x_spi1.o
LOAD ./StdPeriphDriver/CH58x_sys.o
LOAD ./StdPeriphDriver/CH58x_timer0.o
LOAD ./StdPeriphDriver/CH58x_timer1.o
LOAD ./StdPeriphDriver/CH58x_timer2.o
LOAD ./StdPeriphDriver/CH58x_timer3.o
LOAD ./StdPeriphDriver/CH58x_uart0.o
LOAD ./StdPeriphDriver/CH58x_uart1.o
LOAD ./StdPeriphDriver/CH58x_uart2.o
LOAD ./StdPeriphDriver/CH58x_uart3.o
LOAD ./StdPeriphDriver/CH58x_usb2dev.o
LOAD ./StdPeriphDriver/CH58x_usb2hostBase.o
LOAD ./StdPeriphDriver/CH58x_usb2hostClass.o
LOAD ./Startup/startup_CH583.o
LOAD ./RVMSIS/core_riscv.o
LOAD ../StdPeriphDriver\libISP583.a
LOAD c:/mounriver/mounriver_studio/toolchain/risc-v embedded gcc/bin/../lib/gcc/riscv-none-embed/8.2.0/rv32imac/ilp32\libgcc.a
LOAD c:/mounriver/mounriver_studio/toolchain/risc-v embedded gcc/bin/../lib/gcc/riscv-none-embed/8.2.0/../../../../riscv-none-embed/lib/rv32imac/ilp32\libg_nano.a
LOAD c:/mounriver/mounriver_studio/toolchain/risc-v embedded gcc/bin/../lib/gcc/riscv-none-embed/8.2.0/../../../../riscv-none-embed/lib/rv32imac/ilp32\libc_nano.a
LOAD c:/mounriver/mounriver_studio/toolchain/risc-v embedded gcc/bin/../lib/gcc/riscv-none-embed/8.2.0/rv32imac/ilp32\libgcc.a
START GROUP
LOAD c:/mounriver/mounriver_studio/toolchain/risc-v embedded gcc/bin/../lib/gcc/riscv-none-embed/8.2.0/rv32imac/ilp32\libgcc.a
LOAD c:/mounriver/mounriver_studio/toolchain/risc-v embedded gcc/bin/../lib/gcc/riscv-none-embed/8.2.0/../../../../riscv-none-embed/lib/rv32imac/ilp32\libc_nano.a
LOAD c:/mounriver/mounriver_studio/toolchain/risc-v embedded gcc/bin/../lib/gcc/riscv-none-embed/8.2.0/../../../../riscv-none-embed/lib/rv32imac/ilp32\libnosys.a
END GROUP
START GROUP
LOAD c:/mounriver/mounriver_studio/toolchain/risc-v embedded gcc/bin/../lib/gcc/riscv-none-embed/8.2.0/rv32imac/ilp32\libgcc.a
LOAD c:/mounriver/mounriver_studio/toolchain/risc-v embedded gcc/bin/../lib/gcc/riscv-none-embed/8.2.0/../../../../riscv-none-embed/lib/rv32imac/ilp32\libc_nano.a
LOAD c:/mounriver/mounriver_studio/toolchain/risc-v embedded gcc/bin/../lib/gcc/riscv-none-embed/8.2.0/../../../../riscv-none-embed/lib/rv32imac/ilp32\libnosys.a
END GROUP

.init           0x0000000000000000        0x4
                0x0000000000000000                _sinit = .
                0x0000000000000000                . = ALIGN (0x4)
 *(SORT_NONE(.init))
 .init          0x0000000000000000        0x4 ./Startup/startup_CH583.o
                0x0000000000000000                _start
                0x0000000000000004                . = ALIGN (0x4)
                0x0000000000000004                _einit = .

.highcodelalign
                0x0000000000000004        0x0
                0x0000000000000004                . = ALIGN (0x4)
                0x0000000000000004                PROVIDE (_highcode_lma = .)

.highcode       0x0000000020000000      0x848 load address 0x0000000000000004
                0x0000000020000000                . = ALIGN (0x4)
                0x0000000020000000                PROVIDE (_highcode_vma_start = .)
 *(.vector)
 .vector        0x0000000020000000       0x90 ./Startup/startup_CH583.o
 *(SORT_NONE(.vector_handler))
 .vector_handler
                0x0000000020000090       0x36 ./Startup/startup_CH583.o
                0x0000000020000090                NMI_Handler
                0x0000000020000094                Ecall_M_Mode_Handler
                0x0000000020000096                Ecall_U_Mode_Handler
                0x0000000020000098                Break_Point_Handler
                0x000000002000009c                SW_Handler
                0x00000000200000a0                GPIOA_IRQHandler
                0x00000000200000a2                GPIOB_IRQHandler
                0x00000000200000a4                SPI0_IRQHandler
                0x00000000200000a6                BB_IRQHandler
                0x00000000200000a8                LLE_IRQHandler
                0x00000000200000aa                USB_IRQHandler
                0x00000000200000ac                USB2_IRQHandler
                0x00000000200000b0                TMR2_IRQHandler
                0x00000000200000b2                UART0_IRQHandler
                0x00000000200000b4                UART1_IRQHandler
                0x00000000200000b6                RTC_IRQHandler
                0x00000000200000b8                ADC_IRQHandler
                0x00000000200000ba                I2C_IRQHandler
                0x00000000200000bc                PWMX_IRQHandler
                0x00000000200000be                TMR3_IRQHandler
                0x00000000200000c0                UART2_IRQHandler
                0x00000000200000c4                WDOG_BAT_IRQHandler
 *(.highcode)
 .highcode      0x00000000200000c6      0x10a ./src/modbus.o
                0x00000000200000c6                TMR0_IRQHandler
                0x0000000020000168                UART3_IRQHandler
 .highcode      0x00000000200001d0       0x28 ./src/onewire.o
                0x00000000200001d0                TMR1_IRQHandler
 .highcode      0x00000000200001f8       0x22 ./src/worktime.o
                0x00000000200001f8                SysTick_Handler
 .highcode      0x000000002000021a      0x206 ./StdPeriphDriver/CH58x_sys.o
                0x000000002000021a                SetSysClock
                0x0000000020000374                SYS_ResetExecute
                0x00000000200003b0                HardFault_Handler
                0x00000000200003ea                mDelayuS
                0x00000000200003f8                mDelaymS
 .highcode      0x0000000020000420      0x426 ../StdPeriphDriver\libISP583.a(ISP583.o)
                0x0000000020000420                FLASH_ROM_BEG
                0x0000000020000432                FLASH_ROM_END
                0x0000000020000440                FLASH_ROM_IN
                0x000000002000044e                FLASH_ROM_OUT
                0x000000002000045c                FLASH_ROM_ADDR
                0x00000000200004a4                FLASH_ROM_WAIT
                0x00000000200004dc                FLASH_EEPROM_CMD
 *(.highcode.*)
                0x0000000020000848                . = ALIGN (0x4)
 *fill*         0x0000000020000846        0x2 
                0x0000000020000848                PROVIDE (_highcode_vma_end = .)

.text           0x0000000000000850     0xe040
                0x0000000000000850                . = ALIGN (0x4)
 *(SORT_NONE(.handle_reset))
 .handle_reset  0x0000000000000850       0xaa ./Startup/startup_CH583.o
                0x0000000000000850                handle_reset
 *(.text)
 .text          0x00000000000008fa       0xa8 c:/mounriver/mounriver_studio/toolchain/risc-v embedded gcc/bin/../lib/gcc/riscv-none-embed/8.2.0/../../../../riscv-none-embed/lib/rv32imac/ilp32\libg_nano.a(lib_a-memset.o)
                0x00000000000008fa                memset
 *(.text.*)
 .text.reflected_data
                0x00000000000009a2       0xbc ./src/utils/crc.o
                0x00000000000009a2                reflected_data
 .text.check_crc4
                0x0000000000000a5e       0x98 ./src/utils/crc.o
                0x0000000000000a5e                check_crc4
 .text.check_crc5
                0x0000000000000af6       0x98 ./src/utils/crc.o
                0x0000000000000af6                check_crc5
 .text.check_crc6
                0x0000000000000b8e       0x98 ./src/utils/crc.o
                0x0000000000000b8e                check_crc6
 .text.check_crc7
                0x0000000000000c26       0x98 ./src/utils/crc.o
                0x0000000000000c26                check_crc7
 .text.check_crc8
                0x0000000000000cbe       0x76 ./src/utils/crc.o
                0x0000000000000cbe                check_crc8
 .text.check_crc16
                0x0000000000000d34       0x7c ./src/utils/crc.o
                0x0000000000000d34                check_crc16
 .text.check_crc32
                0x0000000000000db0       0x6e ./src/utils/crc.o
                0x0000000000000db0                check_crc32
 .text.crc_check
                0x0000000000000e1e       0xe6 ./src/utils/crc.o
                0x0000000000000e1e                crc_check
 .text.log_buffer_hex
                0x0000000000000f04       0xd6 ./src/utils/log.o
                0x0000000000000f04                log_buffer_hex
 .text.modbus_coil_callback
                0x0000000000000fda       0x62 ./src/modbus/coils.o
                0x0000000000000fda                modbus_coil_callback
 .text.mb_di_init
                0x000000000000103c       0x16 ./src/modbus/discrete_input.o
                0x000000000000103c                mb_di_init
 .text.modbus_di_update
                0x0000000000001052       0x4e ./src/modbus/discrete_input.o
                0x0000000000001052                modbus_di_update
 .text.modbus_di_callback
                0x00000000000010a0       0x9c ./src/modbus/discrete_input.o
                0x00000000000010a0                modbus_di_callback
 .text.modbus_ireg_update
                0x000000000000113c       0x14 ./src/modbus/iregs.o
                0x000000000000113c                modbus_ireg_update
 .text.modbus_ireg_callback
                0x0000000000001150       0x40 ./src/modbus/iregs.o
                0x0000000000001150                modbus_ireg_callback
 .text.modbus_iregs_init
                0x0000000000001190        0xa ./src/modbus/iregs.o
                0x0000000000001190                modbus_iregs_init
 .text.modbus_reg_update
                0x000000000000119a       0x38 ./src/modbus/regs.o
                0x000000000000119a                modbus_reg_update
 .text.modbus_reg_get
                0x00000000000011d2       0x42 ./src/modbus/regs.o
                0x00000000000011d2                modbus_reg_get
 .text.modbus_reg_callback
                0x0000000000001214      0x154 ./src/modbus/regs.o
                0x0000000000001214                modbus_reg_callback
 .text.modbus_reg_update_uid
                0x0000000000001368       0x24 ./src/modbus/regs.o
                0x0000000000001368                modbus_reg_update_uid
 .text.modbus_regs_init
                0x000000000000138c       0x36 ./src/modbus/regs.o
                0x000000000000138c                modbus_regs_init
 .text.uuid_dump
                0x00000000000013c2       0x68 ./src/Main.o
                0x00000000000013c2                uuid_dump
 .text.reset_dump
                0x000000000000142a       0xa6 ./src/Main.o
                0x000000000000142a                reset_dump
 .text.startup.main
                0x00000000000014d0       0xfc ./src/Main.o
                0x00000000000014d0                main
 .text.appinfo_get
                0x00000000000015cc        0x6 ./src/appinfo.o
                0x00000000000015cc                appinfo_get
 .text.cfg_save_item
                0x00000000000015d2       0xd0 ./src/configtool.o
 .text.cfg_get_mb_uart
                0x00000000000016a2       0x42 ./src/configtool.o
                0x00000000000016a2                cfg_get_mb_uart
 .text.cfg_update_mb_uart
                0x00000000000016e4       0x64 ./src/configtool.o
                0x00000000000016e4                cfg_update_mb_uart
 .text.cfg_init
                0x0000000000001748       0xe6 ./src/configtool.o
                0x0000000000001748                cfg_init
 .text.display_init
                0x000000000000182e       0x20 ./src/display.o
                0x000000000000182e                display_init
 .text.modbusBufferInit
                0x000000000000184e       0x12 ./src/liblightmodbus-impl.o
                0x000000000000184e                modbusBufferInit
 .text.modbusBufferAllocateADU
                0x0000000000001860       0x50 ./src/liblightmodbus-impl.o
                0x0000000000001860                modbusBufferAllocateADU
 .text.modbusBufferFree
                0x00000000000018b0        0x6 ./src/liblightmodbus-impl.o
                0x00000000000018b0                modbusBufferFree
 .text.modbusSlaveAllocateResponse
                0x00000000000018b6        0x6 ./src/liblightmodbus-impl.o
 .text.modbusCRC
                0x00000000000018bc       0x40 ./src/liblightmodbus-impl.o
                0x00000000000018bc                modbusCRC
 .text.modbusSlaveInit
                0x00000000000018fc       0x14 ./src/liblightmodbus-impl.o
                0x00000000000018fc                modbusSlaveInit
 .text.modbusSlaveDestroy
                0x0000000000001910        0x6 ./src/liblightmodbus-impl.o
                0x0000000000001910                modbusSlaveDestroy
 .text.modbusBuildException
                0x0000000000001916       0x44 ./src/liblightmodbus-impl.o
                0x0000000000001916                modbusBuildException
 .text.modbusParseRequest01020304
                0x000000000000195a      0x1cc ./src/liblightmodbus-impl.o
                0x000000000000195a                modbusParseRequest01020304
 .text.modbusParseRequest0506
                0x0000000000001b26      0x11a ./src/liblightmodbus-impl.o
                0x0000000000001b26                modbusParseRequest0506
 .text.modbusParseRequest1516
                0x0000000000001c40      0x1d0 ./src/liblightmodbus-impl.o
                0x0000000000001c40                modbusParseRequest1516
 .text.modbusParseRequest22
                0x0000000000001e10      0x15e ./src/liblightmodbus-impl.o
                0x0000000000001e10                modbusParseRequest22
 .text.modbusParseRequest
                0x0000000000001f6e       0x38 ./src/liblightmodbus-impl.o
                0x0000000000001f6e                modbusParseRequest
 .text.modbusParseRequestRTU
                0x0000000000001fa6       0xf0 ./src/liblightmodbus-impl.o
                0x0000000000001fa6                modbusParseRequestRTU
 .text.modbusErrorStr
                0x0000000000002096       0x20 ./src/liblightmodbus-impl.o
                0x0000000000002096                modbusErrorStr
 .text.modbus_slave_allocator
                0x00000000000020b6       0x22 ./src/modbus.o
 .text.register_callback
                0x00000000000020d8       0x38 ./src/modbus.o
                0x00000000000020d8                register_callback
 .text.modbus_t05_cnt
                0x0000000000002110       0x42 ./src/modbus.o
 .text.slave_recv
                0x0000000000002152       0xa6 ./src/modbus.o
                0x0000000000002152                slave_recv
 .text.modbus_slave_uart_init
                0x00000000000021f8       0x56 ./src/modbus.o
                0x00000000000021f8                modbus_slave_uart_init
 .text.modbus_slave_uart_send
                0x000000000000224e       0x72 ./src/modbus.o
                0x000000000000224e                modbus_slave_uart_send
 .text.modbus_slave_init
                0x00000000000022c0       0x98 ./src/modbus.o
                0x00000000000022c0                modbus_slave_init
 .text.modbus_sa_ctrl
                0x0000000000002358       0x26 ./src/modbus.o
                0x0000000000002358                modbus_sa_ctrl
 .text.modbus_init
                0x000000000000237e       0x62 ./src/modbus.o
                0x000000000000237e                modbus_init
 .text.modbus_frame_check
                0x00000000000023e0       0xc6 ./src/modbus.o
                0x00000000000023e0                modbus_frame_check
 .text.modbus_run
                0x00000000000024a6       0x36 ./src/modbus.o
                0x00000000000024a6                modbus_run
 .text.OLED_WR_Byte
                0x00000000000024dc       0x84 ./src/oled.o
                0x00000000000024dc                OLED_WR_Byte
 .text.OLED_Refresh
                0x0000000000002560       0x6c ./src/oled.o
                0x0000000000002560                OLED_Refresh
 .text.OLED_Clear
                0x00000000000025cc       0x32 ./src/oled.o
                0x00000000000025cc                OLED_Clear
 .text.OLED_DrawPoint
                0x00000000000025fe       0x4a ./src/oled.o
                0x00000000000025fe                OLED_DrawPoint
 .text.OLED_ShowChar
                0x0000000000002648      0x14c ./src/oled.o
                0x0000000000002648                OLED_ShowChar
 .text.OLED_ShowNum
                0x0000000000002794       0x98 ./src/oled.o
                0x0000000000002794                OLED_ShowNum
 .text.OLED_ShowChinese
                0x000000000000282c      0x13a ./src/oled.o
                0x000000000000282c                OLED_ShowChinese
 .text.OLED_io_init
                0x0000000000002966       0x64 ./src/oled.o
                0x0000000000002966                OLED_io_init
 .text.OLED_Init
                0x00000000000029ca      0x15a ./src/oled.o
                0x00000000000029ca                OLED_Init
 .text.oled_seneor_flag
                0x0000000000002b24       0x4e ./src/oled.o
                0x0000000000002b24                oled_seneor_flag
 .text.ow_delay_us
                0x0000000000002b72       0x46 ./src/onewire.o
 .text.check_ack
                0x0000000000002bb8       0x7e ./src/onewire.o
                0x0000000000002bb8                check_ack
 .text.onewire_reset
                0x0000000000002c36       0x40 ./src/onewire.o
                0x0000000000002c36                onewire_reset
 .text.onewire_resetcheck
                0x0000000000002c76       0x30 ./src/onewire.o
                0x0000000000002c76                onewire_resetcheck
 .text.onewire_init
                0x0000000000002ca6       0x44 ./src/onewire.o
                0x0000000000002ca6                onewire_init
 .text.onewire_writebit
                0x0000000000002cea       0x5e ./src/onewire.o
                0x0000000000002cea                onewire_writebit
 .text.onewire_writebyte
                0x0000000000002d48       0x26 ./src/onewire.o
                0x0000000000002d48                onewire_writebyte
 .text.onewire_readbit
                0x0000000000002d6e       0x74 ./src/onewire.o
                0x0000000000002d6e                onewire_readbit
 .text.onewire_read
                0x0000000000002de2       0x2e ./src/onewire.o
                0x0000000000002de2                onewire_read
 .text.onewire_read2bits
                0x0000000000002e10       0x20 ./src/onewire.o
                0x0000000000002e10                onewire_read2bits
 .text.cfbcfgtocaprange
                0x0000000000002e30       0x64 ./src/onewire.o
                0x0000000000002e30                cfbcfgtocaprange
 .text.coscfgtocapoffset
                0x0000000000002e94       0x46 ./src/onewire.o
                0x0000000000002e94                coscfgtocapoffset
 .text.captocoscfg
                0x0000000000002eda       0x66 ./src/onewire.o
                0x0000000000002eda                captocoscfg
 .text.caprangetocfbcfg
                0x0000000000002f40       0x8c ./src/onewire.o
                0x0000000000002f40                caprangetocfbcfg
 .text.mdc02_outputtocap
                0x0000000000002fcc       0x7a ./src/onewire.o
                0x0000000000002fcc                mdc02_outputtocap
 .text.onewire_crc8
                0x0000000000003046       0x36 ./src/onewire.o
                0x0000000000003046                onewire_crc8
 .text.Search_ROM
                0x000000000000307c      0x13c ./src/onewire.o
                0x000000000000307c                Search_ROM
 .text.onewire_find_alldevice
                0x00000000000031b8       0x94 ./src/onewire.o
                0x00000000000031b8                onewire_find_alldevice
 .text.send_matchrom
                0x000000000000324c       0x54 ./src/onewire.o
                0x000000000000324c                send_matchrom
 .text.mdc02_writeparameters_skiprom
                0x00000000000032a0       0x38 ./src/onewire.o
                0x00000000000032a0                mdc02_writeparameters_skiprom
 .text.mdc02_readparameters_skiprom
                0x00000000000032d8       0x38 ./src/onewire.o
                0x00000000000032d8                mdc02_readparameters_skiprom
 .text.readcfbconfig
                0x0000000000003310       0x40 ./src/onewire.o
                0x0000000000003310                readcfbconfig
 .text.getcfg_caprange
                0x0000000000003350       0x20 ./src/onewire.o
                0x0000000000003350                getcfg_caprange
 .text.readcosconfig
                0x0000000000003370       0x54 ./src/onewire.o
                0x0000000000003370                readcosconfig
 .text.getcfg_capoffset
                0x00000000000033c4       0x20 ./src/onewire.o
                0x00000000000033c4                getcfg_capoffset
 .text.readcapconfigure
                0x00000000000033e4       0x20 ./src/onewire.o
                0x00000000000033e4                readcapconfigure
 .text.setcapchannel
                0x0000000000003404       0x50 ./src/onewire.o
                0x0000000000003404                setcapchannel
 .text.writecosconfig
                0x0000000000003454       0x5e ./src/onewire.o
                0x0000000000003454                writecosconfig
 .text.mdc02_capconfigureoffset
                0x00000000000034b2       0x44 ./src/onewire.o
                0x00000000000034b2                mdc02_capconfigureoffset
 .text.writecfbconfig
                0x00000000000034f6       0x50 ./src/onewire.o
                0x00000000000034f6                writecfbconfig
 .text.mdc02_capconfigurefs
                0x0000000000003546       0x32 ./src/onewire.o
                0x0000000000003546                mdc02_capconfigurefs
 .text.mdc02_capconfigurerange
                0x0000000000003578       0x4a ./src/onewire.o
                0x0000000000003578                mdc02_capconfigurerange
 .text.mdc02_writescratchpad_skiprom
                0x00000000000035c2       0x3a ./src/onewire.o
                0x00000000000035c2                mdc02_writescratchpad_skiprom
 .text.convertcap
                0x00000000000035fc       0x26 ./src/onewire.o
                0x00000000000035fc                convertcap
 .text.converttemp
                0x0000000000003622       0x1e ./src/onewire.o
                0x0000000000003622                converttemp
 .text.convert_tempcap1
                0x0000000000003640       0x24 ./src/onewire.o
                0x0000000000003640                convert_tempcap1
 .text.mdc02_readscratchpad_skiprom
                0x0000000000003664       0x42 ./src/onewire.o
                0x0000000000003664                mdc02_readscratchpad_skiprom
 .text.readstatusconfig
                0x00000000000036a6       0x4e ./src/onewire.o
                0x00000000000036a6                readstatusconfig
 .text.setconfig
                0x00000000000036f4       0x5c ./src/onewire.o
                0x00000000000036f4                setconfig
 .text.readtempcap1
                0x0000000000003750       0x66 ./src/onewire.o
                0x0000000000003750                readtempcap1
 .text.mdc02_readc2c3c4_skiprom
                0x00000000000037b6       0x3a ./src/onewire.o
                0x00000000000037b6                mdc02_readc2c3c4_skiprom
 .text.readcapc2c3c4
                0x00000000000037f0       0x42 ./src/onewire.o
                0x00000000000037f0                readcapc2c3c4
 .text.romid_crc
                0x0000000000003832       0x9a ./src/onewire.o
                0x0000000000003832                romid_crc
 .text.read_tempwaiting
                0x00000000000038cc       0x48 ./src/onewire.o
                0x00000000000038cc                read_tempwaiting
 .text.read_temp
                0x0000000000003914       0x98 ./src/onewire.o
                0x0000000000003914                read_temp
 .text.mdc02_range
                0x00000000000039ac       0x96 ./src/onewire.o
                0x00000000000039ac                mdc02_range
 .text.read_sampling_mode
                0x0000000000003a42       0x2a ./src/onewire.o
                0x0000000000003a42                read_sampling_mode
 .text.dev_type_choose_function
                0x0000000000003a6c      0x2c6 ./src/onewire.o
                0x0000000000003a6c                dev_type_choose_function
 .text.mb_reg_after_write
                0x0000000000003d32       0xbc ./src/sensor.o
 .text.mb_init  0x0000000000003dee       0x76 ./src/sensor.o
                0x0000000000003dee                mb_init
 .text.sensor_init
                0x0000000000003e64       0x26 ./src/sensor.o
                0x0000000000003e64                sensor_init
 .text.sensor_run
                0x0000000000003e8a       0x4e ./src/sensor.o
                0x0000000000003e8a                sensor_run
 .text.st_page_status_str
                0x0000000000003ed8       0x4e ./src/storage.o
 .text.st_item_verify
                0x0000000000003f26       0x3a ./src/storage.o
 .text.st_page_read
                0x0000000000003f60       0x72 ./src/storage.o
 .text.st_page_erase
                0x0000000000003fd2       0x96 ./src/storage.o
 .text.st_page_status_update.constprop.12
                0x0000000000004068       0xde ./src/storage.o
 .text.st_page_get_freesize.constprop.13
                0x0000000000004146       0x4a ./src/storage.o
 .text.st_first_page.constprop.11
                0x0000000000004190       0x3c ./src/storage.o
 .text.st_page_write
                0x00000000000041cc       0x88 ./src/storage.o
 .text.st_page_write_item.constprop.10
                0x0000000000004254      0x150 ./src/storage.o
 .text.st_delete_item_with_loc
                0x00000000000043a4      0x180 ./src/storage.o
                0x00000000000043a4                st_delete_item_with_loc
 .text.st_find_item
                0x0000000000004524      0x274 ./src/storage.o
 .text.st_init  0x0000000000004798      0x37e ./src/storage.o
                0x0000000000004798                st_init
 .text.st_write_item
                0x0000000000004b16      0x434 ./src/storage.o
                0x0000000000004b16                st_write_item
 .text.st_read_item
                0x0000000000004f4a       0x82 ./src/storage.o
                0x0000000000004f4a                st_read_item
 .text.get_uid  0x0000000000004fcc       0x32 ./src/uid.o
                0x0000000000004fcc                get_uid
 .text.worktime_init
                0x0000000000004ffe       0x3a ./src/worktime.o
                0x0000000000004ffe                worktime_init
 .text.worktime_get
                0x0000000000005038        0xa ./src/worktime.o
                0x0000000000005038                worktime_get
 .text.worktime_since
                0x0000000000005042       0x18 ./src/worktime.o
                0x0000000000005042                worktime_since
 .text.GPIOA_ModeCfg
                0x000000000000505a       0xa6 ./StdPeriphDriver/CH58x_gpio.o
                0x000000000000505a                GPIOA_ModeCfg
 .text.GPIOB_ModeCfg
                0x0000000000005100       0xa6 ./StdPeriphDriver/CH58x_gpio.o
                0x0000000000005100                GPIOB_ModeCfg
 .text.GetSysClock
                0x00000000000051a6       0x42 ./StdPeriphDriver/CH58x_sys.o
                0x00000000000051a6                GetSysClock
 .text.WWDG_ResetCfg
                0x00000000000051e8       0x36 ./StdPeriphDriver/CH58x_sys.o
                0x00000000000051e8                WWDG_ResetCfg
 .text._write   0x000000000000521e       0x28 ./StdPeriphDriver/CH58x_sys.o
                0x000000000000521e                _write
 .text.TMR0_TimerInit
                0x0000000000005246       0x14 ./StdPeriphDriver/CH58x_timer0.o
                0x0000000000005246                TMR0_TimerInit
 .text.TMR1_TimerInit
                0x000000000000525a       0x16 ./StdPeriphDriver/CH58x_timer1.o
                0x000000000000525a                TMR1_TimerInit
 .text.UART1_BaudRateCfg
                0x0000000000005270       0x32 ./StdPeriphDriver/CH58x_uart1.o
                0x0000000000005270                UART1_BaudRateCfg
 .text.UART1_DefInit
                0x00000000000052a2       0x34 ./StdPeriphDriver/CH58x_uart1.o
                0x00000000000052a2                UART1_DefInit
 .text.UART3_BaudRateCfg
                0x00000000000052d6       0x32 ./StdPeriphDriver/CH58x_uart3.o
                0x00000000000052d6                UART3_BaudRateCfg
 .text.UART3_DefInit
                0x0000000000005308       0x34 ./StdPeriphDriver/CH58x_uart3.o
                0x0000000000005308                UART3_DefInit
 .text.UART3_ByteTrigCfg
                0x000000000000533c       0x1a ./StdPeriphDriver/CH58x_uart3.o
                0x000000000000533c                UART3_ByteTrigCfg
 .text.UART3_INTCfg
                0x0000000000005356       0x2a ./StdPeriphDriver/CH58x_uart3.o
                0x0000000000005356                UART3_INTCfg
 .text.UART3_SendString
                0x0000000000005380       0x28 ./StdPeriphDriver/CH58x_uart3.o
                0x0000000000005380                UART3_SendString
 .text.__udivdi3
                0x00000000000053a8      0x398 c:/mounriver/mounriver_studio/toolchain/risc-v embedded gcc/bin/../lib/gcc/riscv-none-embed/8.2.0/rv32imac/ilp32\libgcc.a(_udivdi3.o)
                0x00000000000053a8                __udivdi3
 .text.__adddf3
                0x0000000000005740      0x730 c:/mounriver/mounriver_studio/toolchain/risc-v embedded gcc/bin/../lib/gcc/riscv-none-embed/8.2.0/rv32imac/ilp32\libgcc.a(adddf3.o)
                0x0000000000005740                __adddf3
 .text.__divdf3
                0x0000000000005e70      0x5b4 c:/mounriver/mounriver_studio/toolchain/risc-v embedded gcc/bin/../lib/gcc/riscv-none-embed/8.2.0/rv32imac/ilp32\libgcc.a(divdf3.o)
                0x0000000000005e70                __divdf3
 .text.__muldf3
                0x0000000000006424      0x4b8 c:/mounriver/mounriver_studio/toolchain/risc-v embedded gcc/bin/../lib/gcc/riscv-none-embed/8.2.0/rv32imac/ilp32\libgcc.a(muldf3.o)
                0x0000000000006424                __muldf3
 .text.__subdf3
                0x00000000000068dc      0x73e c:/mounriver/mounriver_studio/toolchain/risc-v embedded gcc/bin/../lib/gcc/riscv-none-embed/8.2.0/rv32imac/ilp32\libgcc.a(subdf3.o)
                0x00000000000068dc                __subdf3
 .text.__floatsidf
                0x000000000000701a       0x72 c:/mounriver/mounriver_studio/toolchain/risc-v embedded gcc/bin/../lib/gcc/riscv-none-embed/8.2.0/rv32imac/ilp32\libgcc.a(floatsidf.o)
                0x000000000000701a                __floatsidf
 .text.__addsf3
                0x000000000000708c      0x36a c:/mounriver/mounriver_studio/toolchain/risc-v embedded gcc/bin/../lib/gcc/riscv-none-embed/8.2.0/rv32imac/ilp32\libgcc.a(addsf3.o)
                0x000000000000708c                __addsf3
 .text.__gesf2  0x00000000000073f6       0x86 c:/mounriver/mounriver_studio/toolchain/risc-v embedded gcc/bin/../lib/gcc/riscv-none-embed/8.2.0/rv32imac/ilp32\libgcc.a(gesf2.o)
                0x00000000000073f6                __gesf2
                0x00000000000073f6                __gtsf2
 .text.__lesf2  0x000000000000747c       0x8c c:/mounriver/mounriver_studio/toolchain/risc-v embedded gcc/bin/../lib/gcc/riscv-none-embed/8.2.0/rv32imac/ilp32\libgcc.a(lesf2.o)
                0x000000000000747c                __ltsf2
                0x000000000000747c                __lesf2
 .text.__mulsf3
                0x0000000000007508      0x294 c:/mounriver/mounriver_studio/toolchain/risc-v embedded gcc/bin/../lib/gcc/riscv-none-embed/8.2.0/rv32imac/ilp32\libgcc.a(mulsf3.o)
                0x0000000000007508                __mulsf3
 .text.__subsf3
                0x000000000000779c      0x388 c:/mounriver/mounriver_studio/toolchain/risc-v embedded gcc/bin/../lib/gcc/riscv-none-embed/8.2.0/rv32imac/ilp32\libgcc.a(subsf3.o)
                0x000000000000779c                __subsf3
 .text.__fixunssfsi
                0x0000000000007b24       0x56 c:/mounriver/mounriver_studio/toolchain/risc-v embedded gcc/bin/../lib/gcc/riscv-none-embed/8.2.0/rv32imac/ilp32\libgcc.a(fixunssfsi.o)
                0x0000000000007b24                __fixunssfsi
 .text.__floatsisf
                0x0000000000007b7a       0xc6 c:/mounriver/mounriver_studio/toolchain/risc-v embedded gcc/bin/../lib/gcc/riscv-none-embed/8.2.0/rv32imac/ilp32\libgcc.a(floatsisf.o)
                0x0000000000007b7a                __floatsisf
 .text.__extendsfdf2
                0x0000000000007c40       0xac c:/mounriver/mounriver_studio/toolchain/risc-v embedded gcc/bin/../lib/gcc/riscv-none-embed/8.2.0/rv32imac/ilp32\libgcc.a(extendsfdf2.o)
                0x0000000000007c40                __extendsfdf2
 .text.__truncdfsf2
                0x0000000000007cec      0x16a c:/mounriver/mounriver_studio/toolchain/risc-v embedded gcc/bin/../lib/gcc/riscv-none-embed/8.2.0/rv32imac/ilp32\libgcc.a(truncdfsf2.o)
                0x0000000000007cec                __truncdfsf2
 .text.__clzsi2
                0x0000000000007e56       0x76 c:/mounriver/mounriver_studio/toolchain/risc-v embedded gcc/bin/../lib/gcc/riscv-none-embed/8.2.0/rv32imac/ilp32\libgcc.a(_clzsi2.o)
                0x0000000000007e56                __clzsi2
 .text.malloc   0x0000000000007ecc        0xa c:/mounriver/mounriver_studio/toolchain/risc-v embedded gcc/bin/../lib/gcc/riscv-none-embed/8.2.0/../../../../riscv-none-embed/lib/rv32imac/ilp32\libg_nano.a(lib_a-malloc.o)
                0x0000000000007ecc                malloc
 .text.__ascii_mbtowc
                0x0000000000007ed6       0x3a c:/mounriver/mounriver_studio/toolchain/risc-v embedded gcc/bin/../lib/gcc/riscv-none-embed/8.2.0/../../../../riscv-none-embed/lib/rv32imac/ilp32\libg_nano.a(lib_a-mbtowc_r.o)
                0x0000000000007ed6                __ascii_mbtowc
 .text.memcmp   0x0000000000007f10       0x26 c:/mounriver/mounriver_studio/toolchain/risc-v embedded gcc/bin/../lib/gcc/riscv-none-embed/8.2.0/../../../../riscv-none-embed/lib/rv32imac/ilp32\libg_nano.a(lib_a-memcmp.o)
                0x0000000000007f10                memcmp
 .text.memcpy   0x0000000000007f36       0xb6 c:/mounriver/mounriver_studio/toolchain/risc-v embedded gcc/bin/../lib/gcc/riscv-none-embed/8.2.0/../../../../riscv-none-embed/lib/rv32imac/ilp32\libg_nano.a(lib_a-memcpy.o)
                0x0000000000007f36                memcpy
 .text._free_r  0x0000000000007fec       0xa8 c:/mounriver/mounriver_studio/toolchain/risc-v embedded gcc/bin/../lib/gcc/riscv-none-embed/8.2.0/../../../../riscv-none-embed/lib/rv32imac/ilp32\libg_nano.a(lib_a-nano-freer.o)
                0x0000000000007fec                _free_r
 .text._malloc_r
                0x0000000000008094       0xda c:/mounriver/mounriver_studio/toolchain/risc-v embedded gcc/bin/../lib/gcc/riscv-none-embed/8.2.0/../../../../riscv-none-embed/lib/rv32imac/ilp32\libg_nano.a(lib_a-nano-mallocr.o)
                0x0000000000008094                _malloc_r
 .text.__cvt    0x000000000000816e       0xee c:/mounriver/mounriver_studio/toolchain/risc-v embedded gcc/bin/../lib/gcc/riscv-none-embed/8.2.0/../../../../riscv-none-embed/lib/rv32imac/ilp32\libg_nano.a(lib_a-nano-vfprintf_float.o)
                0x000000000000816e                __cvt
 .text.__exponent
                0x000000000000825c       0x8c c:/mounriver/mounriver_studio/toolchain/risc-v embedded gcc/bin/../lib/gcc/riscv-none-embed/8.2.0/../../../../riscv-none-embed/lib/rv32imac/ilp32\libg_nano.a(lib_a-nano-vfprintf_float.o)
                0x000000000000825c                __exponent
 .text._printf_float
                0x00000000000082e8      0x4c4 c:/mounriver/mounriver_studio/toolchain/risc-v embedded gcc/bin/../lib/gcc/riscv-none-embed/8.2.0/../../../../riscv-none-embed/lib/rv32imac/ilp32\libg_nano.a(lib_a-nano-vfprintf_float.o)
                0x00000000000082e8                _printf_float
 .text._printf_common
                0x00000000000087ac      0x10c c:/mounriver/mounriver_studio/toolchain/risc-v embedded gcc/bin/../lib/gcc/riscv-none-embed/8.2.0/../../../../riscv-none-embed/lib/rv32imac/ilp32\libg_nano.a(lib_a-nano-vfprintf_i.o)
                0x00000000000087ac                _printf_common
 .text._printf_i
                0x00000000000088b8      0x2ac c:/mounriver/mounriver_studio/toolchain/risc-v embedded gcc/bin/../lib/gcc/riscv-none-embed/8.2.0/../../../../riscv-none-embed/lib/rv32imac/ilp32\libg_nano.a(lib_a-nano-vfprintf_i.o)
                0x00000000000088b8                _printf_i
 .text.printf   0x0000000000008b64       0x42 c:/mounriver/mounriver_studio/toolchain/risc-v embedded gcc/bin/../lib/gcc/riscv-none-embed/8.2.0/../../../../riscv-none-embed/lib/rv32imac/ilp32\libg_nano.a(lib_a-printf.o)
                0x0000000000008b64                iprintf
                0x0000000000008b64                printf
 .text._puts_r  0x0000000000008ba6       0xde c:/mounriver/mounriver_studio/toolchain/risc-v embedded gcc/bin/../lib/gcc/riscv-none-embed/8.2.0/../../../../riscv-none-embed/lib/rv32imac/ilp32\libg_nano.a(lib_a-puts.o)
                0x0000000000008ba6                _puts_r
 .text.puts     0x0000000000008c84        0xc c:/mounriver/mounriver_studio/toolchain/risc-v embedded gcc/bin/../lib/gcc/riscv-none-embed/8.2.0/../../../../riscv-none-embed/lib/rv32imac/ilp32\libg_nano.a(lib_a-puts.o)
                0x0000000000008c84                puts
 .text._sbrk_r  0x0000000000008c90       0x2a c:/mounriver/mounriver_studio/toolchain/risc-v embedded gcc/bin/../lib/gcc/riscv-none-embed/8.2.0/../../../../riscv-none-embed/lib/rv32imac/ilp32\libg_nano.a(lib_a-sbrkr.o)
                0x0000000000008c90                _sbrk_r
 .text.sprintf  0x0000000000008cba       0x46 c:/mounriver/mounriver_studio/toolchain/risc-v embedded gcc/bin/../lib/gcc/riscv-none-embed/8.2.0/../../../../riscv-none-embed/lib/rv32imac/ilp32\libg_nano.a(lib_a-sprintf.o)
                0x0000000000008cba                siprintf
                0x0000000000008cba                sprintf
 .text.strlen   0x0000000000008d00       0x12 c:/mounriver/mounriver_studio/toolchain/risc-v embedded gcc/bin/../lib/gcc/riscv-none-embed/8.2.0/../../../../riscv-none-embed/lib/rv32imac/ilp32\libg_nano.a(lib_a-strlen.o)
                0x0000000000008d00                strlen
 .text.__swbuf_r
                0x0000000000008d12       0xc6 c:/mounriver/mounriver_studio/toolchain/risc-v embedded gcc/bin/../lib/gcc/riscv-none-embed/8.2.0/../../../../riscv-none-embed/lib/rv32imac/ilp32\libg_nano.a(lib_a-wbuf.o)
                0x0000000000008d12                __swbuf_r
 .text.__ascii_wctomb
                0x0000000000008dd8       0x20 c:/mounriver/mounriver_studio/toolchain/risc-v embedded gcc/bin/../lib/gcc/riscv-none-embed/8.2.0/../../../../riscv-none-embed/lib/rv32imac/ilp32\libg_nano.a(lib_a-wctomb_r.o)
                0x0000000000008dd8                __ascii_wctomb
 .text.__swsetup_r
                0x0000000000008df8      0x112 c:/mounriver/mounriver_studio/toolchain/risc-v embedded gcc/bin/../lib/gcc/riscv-none-embed/8.2.0/../../../../riscv-none-embed/lib/rv32imac/ilp32\libg_nano.a(lib_a-wsetup.o)
                0x0000000000008df8                __swsetup_r
 .text.quorem   0x0000000000008f0a      0x13a c:/mounriver/mounriver_studio/toolchain/risc-v embedded gcc/bin/../lib/gcc/riscv-none-embed/8.2.0/../../../../riscv-none-embed/lib/rv32imac/ilp32\libg_nano.a(lib_a-dtoa.o)
 .text._dtoa_r  0x0000000000009044      0xc1e c:/mounriver/mounriver_studio/toolchain/risc-v embedded gcc/bin/../lib/gcc/riscv-none-embed/8.2.0/../../../../riscv-none-embed/lib/rv32imac/ilp32\libg_nano.a(lib_a-dtoa.o)
                0x0000000000009044                _dtoa_r
 .text.__sflush_r
                0x0000000000009c62      0x13e c:/mounriver/mounriver_studio/toolchain/risc-v embedded gcc/bin/../lib/gcc/riscv-none-embed/8.2.0/../../../../riscv-none-embed/lib/rv32imac/ilp32\libg_nano.a(lib_a-fflush.o)
                0x0000000000009c62                __sflush_r
 .text._fflush_r
                0x0000000000009da0       0x66 c:/mounriver/mounriver_studio/toolchain/risc-v embedded gcc/bin/../lib/gcc/riscv-none-embed/8.2.0/../../../../riscv-none-embed/lib/rv32imac/ilp32\libg_nano.a(lib_a-fflush.o)
                0x0000000000009da0                _fflush_r
 .text.std      0x0000000000009e06       0x6a c:/mounriver/mounriver_studio/toolchain/risc-v embedded gcc/bin/../lib/gcc/riscv-none-embed/8.2.0/../../../../riscv-none-embed/lib/rv32imac/ilp32\libg_nano.a(lib_a-findfp.o)
 .text._cleanup_r
                0x0000000000009e70        0xa c:/mounriver/mounriver_studio/toolchain/risc-v embedded gcc/bin/../lib/gcc/riscv-none-embed/8.2.0/../../../../riscv-none-embed/lib/rv32imac/ilp32\libg_nano.a(lib_a-findfp.o)
                0x0000000000009e70                _cleanup_r
 .text.__sfmoreglue
                0x0000000000009e7a       0x48 c:/mounriver/mounriver_studio/toolchain/risc-v embedded gcc/bin/../lib/gcc/riscv-none-embed/8.2.0/../../../../riscv-none-embed/lib/rv32imac/ilp32\libg_nano.a(lib_a-findfp.o)
                0x0000000000009e7a                __sfmoreglue
 .text.__sinit  0x0000000000009ec2       0x70 c:/mounriver/mounriver_studio/toolchain/risc-v embedded gcc/bin/../lib/gcc/riscv-none-embed/8.2.0/../../../../riscv-none-embed/lib/rv32imac/ilp32\libg_nano.a(lib_a-findfp.o)
                0x0000000000009ec2                __sinit
 .text.__sfp    0x0000000000009f32       0xa4 c:/mounriver/mounriver_studio/toolchain/risc-v embedded gcc/bin/../lib/gcc/riscv-none-embed/8.2.0/../../../../riscv-none-embed/lib/rv32imac/ilp32\libg_nano.a(lib_a-findfp.o)
                0x0000000000009f32                __sfp
 .text._fwalk_reent
                0x0000000000009fd6       0x6c c:/mounriver/mounriver_studio/toolchain/risc-v embedded gcc/bin/../lib/gcc/riscv-none-embed/8.2.0/../../../../riscv-none-embed/lib/rv32imac/ilp32\libg_nano.a(lib_a-fwalk.o)
                0x0000000000009fd6                _fwalk_reent
 .text._localeconv_r
                0x000000000000a042       0x18 c:/mounriver/mounriver_studio/toolchain/risc-v embedded gcc/bin/../lib/gcc/riscv-none-embed/8.2.0/../../../../riscv-none-embed/lib/rv32imac/ilp32\libg_nano.a(lib_a-localeconv.o)
                0x000000000000a042                _localeconv_r
 .text.__swhatbuf_r
                0x000000000000a05a       0x5a c:/mounriver/mounriver_studio/toolchain/risc-v embedded gcc/bin/../lib/gcc/riscv-none-embed/8.2.0/../../../../riscv-none-embed/lib/rv32imac/ilp32\libg_nano.a(lib_a-makebuf.o)
                0x000000000000a05a                __swhatbuf_r
 .text.__smakebuf_r
                0x000000000000a0b4       0xa2 c:/mounriver/mounriver_studio/toolchain/risc-v embedded gcc/bin/../lib/gcc/riscv-none-embed/8.2.0/../../../../riscv-none-embed/lib/rv32imac/ilp32\libg_nano.a(lib_a-makebuf.o)
                0x000000000000a0b4                __smakebuf_r
 .text.memchr   0x000000000000a156       0x1a c:/mounriver/mounriver_studio/toolchain/risc-v embedded gcc/bin/../lib/gcc/riscv-none-embed/8.2.0/../../../../riscv-none-embed/lib/rv32imac/ilp32\libg_nano.a(lib_a-memchr.o)
                0x000000000000a156                memchr
 .text.__malloc_lock
                0x000000000000a170        0x2 c:/mounriver/mounriver_studio/toolchain/risc-v embedded gcc/bin/../lib/gcc/riscv-none-embed/8.2.0/../../../../riscv-none-embed/lib/rv32imac/ilp32\libg_nano.a(lib_a-mlock.o)
                0x000000000000a170                __malloc_lock
 .text.__malloc_unlock
                0x000000000000a172        0x2 c:/mounriver/mounriver_studio/toolchain/risc-v embedded gcc/bin/../lib/gcc/riscv-none-embed/8.2.0/../../../../riscv-none-embed/lib/rv32imac/ilp32\libg_nano.a(lib_a-mlock.o)
                0x000000000000a172                __malloc_unlock
 .text._Balloc  0x000000000000a174       0x88 c:/mounriver/mounriver_studio/toolchain/risc-v embedded gcc/bin/../lib/gcc/riscv-none-embed/8.2.0/../../../../riscv-none-embed/lib/rv32imac/ilp32\libg_nano.a(lib_a-mprec.o)
                0x000000000000a174                _Balloc
 .text._Bfree   0x000000000000a1fc       0x44 c:/mounriver/mounriver_studio/toolchain/risc-v embedded gcc/bin/../lib/gcc/riscv-none-embed/8.2.0/../../../../riscv-none-embed/lib/rv32imac/ilp32\libg_nano.a(lib_a-mprec.o)
                0x000000000000a1fc                _Bfree
 .text.__multadd
                0x000000000000a240       0x98 c:/mounriver/mounriver_studio/toolchain/risc-v embedded gcc/bin/../lib/gcc/riscv-none-embed/8.2.0/../../../../riscv-none-embed/lib/rv32imac/ilp32\libg_nano.a(lib_a-mprec.o)
                0x000000000000a240                __multadd
 .text.__hi0bits
                0x000000000000a2d8       0x46 c:/mounriver/mounriver_studio/toolchain/risc-v embedded gcc/bin/../lib/gcc/riscv-none-embed/8.2.0/../../../../riscv-none-embed/lib/rv32imac/ilp32\libg_nano.a(lib_a-mprec.o)
                0x000000000000a2d8                __hi0bits
 .text.__lo0bits
                0x000000000000a31e       0x6a c:/mounriver/mounriver_studio/toolchain/risc-v embedded gcc/bin/../lib/gcc/riscv-none-embed/8.2.0/../../../../riscv-none-embed/lib/rv32imac/ilp32\libg_nano.a(lib_a-mprec.o)
                0x000000000000a31e                __lo0bits
 .text.__i2b    0x000000000000a388       0x1c c:/mounriver/mounriver_studio/toolchain/risc-v embedded gcc/bin/../lib/gcc/riscv-none-embed/8.2.0/../../../../riscv-none-embed/lib/rv32imac/ilp32\libg_nano.a(lib_a-mprec.o)
                0x000000000000a388                __i2b
 .text.__multiply
                0x000000000000a3a4      0x144 c:/mounriver/mounriver_studio/toolchain/risc-v embedded gcc/bin/../lib/gcc/riscv-none-embed/8.2.0/../../../../riscv-none-embed/lib/rv32imac/ilp32\libg_nano.a(lib_a-mprec.o)
                0x000000000000a3a4                __multiply
 .text.__pow5mult
                0x000000000000a4e8       0xbe c:/mounriver/mounriver_studio/toolchain/risc-v embedded gcc/bin/../lib/gcc/riscv-none-embed/8.2.0/../../../../riscv-none-embed/lib/rv32imac/ilp32\libg_nano.a(lib_a-mprec.o)
                0x000000000000a4e8                __pow5mult
 .text.__lshift
                0x000000000000a5a6       0xce c:/mounriver/mounriver_studio/toolchain/risc-v embedded gcc/bin/../lib/gcc/riscv-none-embed/8.2.0/../../../../riscv-none-embed/lib/rv32imac/ilp32\libg_nano.a(lib_a-mprec.o)
                0x000000000000a5a6                __lshift
 .text.__mcmp   0x000000000000a674       0x32 c:/mounriver/mounriver_studio/toolchain/risc-v embedded gcc/bin/../lib/gcc/riscv-none-embed/8.2.0/../../../../riscv-none-embed/lib/rv32imac/ilp32\libg_nano.a(lib_a-mprec.o)
                0x000000000000a674                __mcmp
 .text.__mdiff  0x000000000000a6a6       0xf2 c:/mounriver/mounriver_studio/toolchain/risc-v embedded gcc/bin/../lib/gcc/riscv-none-embed/8.2.0/../../../../riscv-none-embed/lib/rv32imac/ilp32\libg_nano.a(lib_a-mprec.o)
                0x000000000000a6a6                __mdiff
 .text.__d2b    0x000000000000a798       0xd4 c:/mounriver/mounriver_studio/toolchain/risc-v embedded gcc/bin/../lib/gcc/riscv-none-embed/8.2.0/../../../../riscv-none-embed/lib/rv32imac/ilp32\libg_nano.a(lib_a-mprec.o)
                0x000000000000a798                __d2b
 .text._calloc_r
                0x000000000000a86c       0x28 c:/mounriver/mounriver_studio/toolchain/risc-v embedded gcc/bin/../lib/gcc/riscv-none-embed/8.2.0/../../../../riscv-none-embed/lib/rv32imac/ilp32\libg_nano.a(lib_a-nano-callocr.o)
                0x000000000000a86c                _calloc_r
 .text._realloc_r
                0x000000000000a894       0x5a c:/mounriver/mounriver_studio/toolchain/risc-v embedded gcc/bin/../lib/gcc/riscv-none-embed/8.2.0/../../../../riscv-none-embed/lib/rv32imac/ilp32\libg_nano.a(lib_a-nano-reallocr.o)
                0x000000000000a894                _realloc_r
 .text.__ssputs_r
                0x000000000000a8ee       0xee c:/mounriver/mounriver_studio/toolchain/risc-v embedded gcc/bin/../lib/gcc/riscv-none-embed/8.2.0/../../../../riscv-none-embed/lib/rv32imac/ilp32\libg_nano.a(lib_a-nano-svfprintf.o)
                0x000000000000a8ee                __ssputs_r
 .text._svfprintf_r
                0x000000000000a9dc      0x27e c:/mounriver/mounriver_studio/toolchain/risc-v embedded gcc/bin/../lib/gcc/riscv-none-embed/8.2.0/../../../../riscv-none-embed/lib/rv32imac/ilp32\libg_nano.a(lib_a-nano-svfprintf.o)
                0x000000000000a9dc                _svfiprintf_r
                0x000000000000a9dc                _svfprintf_r
 .text.__sfputc_r
                0x000000000000ac5a       0x2a c:/mounriver/mounriver_studio/toolchain/risc-v embedded gcc/bin/../lib/gcc/riscv-none-embed/8.2.0/../../../../riscv-none-embed/lib/rv32imac/ilp32\libg_nano.a(lib_a-nano-vfprintf.o)
 .text.__sfputs_r
                0x000000000000ac84       0x44 c:/mounriver/mounriver_studio/toolchain/risc-v embedded gcc/bin/../lib/gcc/riscv-none-embed/8.2.0/../../../../riscv-none-embed/lib/rv32imac/ilp32\libg_nano.a(lib_a-nano-vfprintf.o)
                0x000000000000ac84                __sfputs_r
 .text._vfprintf_r
                0x000000000000acc8      0x2a0 c:/mounriver/mounriver_studio/toolchain/risc-v embedded gcc/bin/../lib/gcc/riscv-none-embed/8.2.0/../../../../riscv-none-embed/lib/rv32imac/ilp32\libg_nano.a(lib_a-nano-vfprintf.o)
                0x000000000000acc8                _vfprintf_r
                0x000000000000acc8                _vfiprintf_r
 .text.__sread  0x000000000000af68       0x30 c:/mounriver/mounriver_studio/toolchain/risc-v embedded gcc/bin/../lib/gcc/riscv-none-embed/8.2.0/../../../../riscv-none-embed/lib/rv32imac/ilp32\libg_nano.a(lib_a-stdio.o)
                0x000000000000af68                __sread
 .text.__swrite
                0x000000000000af98       0x4e c:/mounriver/mounriver_studio/toolchain/risc-v embedded gcc/bin/../lib/gcc/riscv-none-embed/8.2.0/../../../../riscv-none-embed/lib/rv32imac/ilp32\libg_nano.a(lib_a-stdio.o)
                0x000000000000af98                __swrite
 .text.__sseek  0x000000000000afe6       0x36 c:/mounriver/mounriver_studio/toolchain/risc-v embedded gcc/bin/../lib/gcc/riscv-none-embed/8.2.0/../../../../riscv-none-embed/lib/rv32imac/ilp32\libg_nano.a(lib_a-stdio.o)
                0x000000000000afe6                __sseek
 .text.__sclose
                0x000000000000b01c        0x6 c:/mounriver/mounriver_studio/toolchain/risc-v embedded gcc/bin/../lib/gcc/riscv-none-embed/8.2.0/../../../../riscv-none-embed/lib/rv32imac/ilp32\libg_nano.a(lib_a-stdio.o)
                0x000000000000b01c                __sclose
 .text._write_r
                0x000000000000b022       0x2e c:/mounriver/mounriver_studio/toolchain/risc-v embedded gcc/bin/../lib/gcc/riscv-none-embed/8.2.0/../../../../riscv-none-embed/lib/rv32imac/ilp32\libg_nano.a(lib_a-writer.o)
                0x000000000000b022                _write_r
 .text._close_r
                0x000000000000b050       0x28 c:/mounriver/mounriver_studio/toolchain/risc-v embedded gcc/bin/../lib/gcc/riscv-none-embed/8.2.0/../../../../riscv-none-embed/lib/rv32imac/ilp32\libg_nano.a(lib_a-closer.o)
                0x000000000000b050                _close_r
 .text._fstat_r
                0x000000000000b078       0x2a c:/mounriver/mounriver_studio/toolchain/risc-v embedded gcc/bin/../lib/gcc/riscv-none-embed/8.2.0/../../../../riscv-none-embed/lib/rv32imac/ilp32\libg_nano.a(lib_a-fstatr.o)
                0x000000000000b078                _fstat_r
 .text._isatty_r
                0x000000000000b0a2       0x28 c:/mounriver/mounriver_studio/toolchain/risc-v embedded gcc/bin/../lib/gcc/riscv-none-embed/8.2.0/../../../../riscv-none-embed/lib/rv32imac/ilp32\libg_nano.a(lib_a-isattyr.o)
                0x000000000000b0a2                _isatty_r
 .text._lseek_r
                0x000000000000b0ca       0x2c c:/mounriver/mounriver_studio/toolchain/risc-v embedded gcc/bin/../lib/gcc/riscv-none-embed/8.2.0/../../../../riscv-none-embed/lib/rv32imac/ilp32\libg_nano.a(lib_a-lseekr.o)
                0x000000000000b0ca                _lseek_r
 .text.memmove  0x000000000000b0f6       0x4a c:/mounriver/mounriver_studio/toolchain/risc-v embedded gcc/bin/../lib/gcc/riscv-none-embed/8.2.0/../../../../riscv-none-embed/lib/rv32imac/ilp32\libg_nano.a(lib_a-memmove.o)
                0x000000000000b0f6                memmove
 .text._malloc_usable_size_r
                0x000000000000b140       0x14 c:/mounriver/mounriver_studio/toolchain/risc-v embedded gcc/bin/../lib/gcc/riscv-none-embed/8.2.0/../../../../riscv-none-embed/lib/rv32imac/ilp32\libg_nano.a(lib_a-nano-msizer.o)
                0x000000000000b140                _malloc_usable_size_r
 .text._read_r  0x000000000000b154       0x2c c:/mounriver/mounriver_studio/toolchain/risc-v embedded gcc/bin/../lib/gcc/riscv-none-embed/8.2.0/../../../../riscv-none-embed/lib/rv32imac/ilp32\libg_nano.a(lib_a-readr.o)
                0x000000000000b154                _read_r
 .text.__eqdf2  0x000000000000b180       0x6a c:/mounriver/mounriver_studio/toolchain/risc-v embedded gcc/bin/../lib/gcc/riscv-none-embed/8.2.0/rv32imac/ilp32\libgcc.a(eqdf2.o)
                0x000000000000b180                __nedf2
                0x000000000000b180                __eqdf2
 .text.__gedf2  0x000000000000b1ea       0xae c:/mounriver/mounriver_studio/toolchain/risc-v embedded gcc/bin/../lib/gcc/riscv-none-embed/8.2.0/rv32imac/ilp32\libgcc.a(gedf2.o)
                0x000000000000b1ea                __gedf2
                0x000000000000b1ea                __gtdf2
 .text.__ledf2  0x000000000000b298       0xb6 c:/mounriver/mounriver_studio/toolchain/risc-v embedded gcc/bin/../lib/gcc/riscv-none-embed/8.2.0/rv32imac/ilp32\libgcc.a(ledf2.o)
                0x000000000000b298                __ledf2
                0x000000000000b298                __ltdf2
 .text.__unorddf2
                0x000000000000b34e       0x3c c:/mounriver/mounriver_studio/toolchain/risc-v embedded gcc/bin/../lib/gcc/riscv-none-embed/8.2.0/rv32imac/ilp32\libgcc.a(unorddf2.o)
                0x000000000000b34e                __unorddf2
 .text.__fixdfsi
                0x000000000000b38a       0x68 c:/mounriver/mounriver_studio/toolchain/risc-v embedded gcc/bin/../lib/gcc/riscv-none-embed/8.2.0/rv32imac/ilp32\libgcc.a(fixdfsi.o)
                0x000000000000b38a                __fixdfsi
 .text.__floatunsidf
                0x000000000000b3f2       0x68 c:/mounriver/mounriver_studio/toolchain/risc-v embedded gcc/bin/../lib/gcc/riscv-none-embed/8.2.0/rv32imac/ilp32\libgcc.a(floatunsidf.o)
                0x000000000000b3f2                __floatunsidf
 .text.__trunctfdf2
                0x000000000000b45a      0x21e c:/mounriver/mounriver_studio/toolchain/risc-v embedded gcc/bin/../lib/gcc/riscv-none-embed/8.2.0/rv32imac/ilp32\libgcc.a(trunctfdf2.o)
                0x000000000000b45a                __trunctfdf2
 .text._close   0x000000000000b678        0xc c:/mounriver/mounriver_studio/toolchain/risc-v embedded gcc/bin/../lib/gcc/riscv-none-embed/8.2.0/../../../../riscv-none-embed/lib/rv32imac/ilp32\libnosys.a(close.o)
                0x000000000000b678                _close
 .text._fstat   0x000000000000b684        0xc c:/mounriver/mounriver_studio/toolchain/risc-v embedded gcc/bin/../lib/gcc/riscv-none-embed/8.2.0/../../../../riscv-none-embed/lib/rv32imac/ilp32\libnosys.a(fstat.o)
                0x000000000000b684                _fstat
 .text._isatty  0x000000000000b690        0xc c:/mounriver/mounriver_studio/toolchain/risc-v embedded gcc/bin/../lib/gcc/riscv-none-embed/8.2.0/../../../../riscv-none-embed/lib/rv32imac/ilp32\libnosys.a(isatty.o)
                0x000000000000b690                _isatty
 .text._lseek   0x000000000000b69c        0xc c:/mounriver/mounriver_studio/toolchain/risc-v embedded gcc/bin/../lib/gcc/riscv-none-embed/8.2.0/../../../../riscv-none-embed/lib/rv32imac/ilp32\libnosys.a(lseek.o)
                0x000000000000b69c                _lseek
 .text._read    0x000000000000b6a8        0xc c:/mounriver/mounriver_studio/toolchain/risc-v embedded gcc/bin/../lib/gcc/riscv-none-embed/8.2.0/../../../../riscv-none-embed/lib/rv32imac/ilp32\libnosys.a(read.o)
                0x000000000000b6a8                _read
 .text._sbrk    0x000000000000b6b4       0x20 c:/mounriver/mounriver_studio/toolchain/risc-v embedded gcc/bin/../lib/gcc/riscv-none-embed/8.2.0/../../../../riscv-none-embed/lib/rv32imac/ilp32\libnosys.a(sbrk.o)
                0x000000000000b6b4                _sbrk
 *(.rodata)
 *fill*         0x000000000000b6d4        0x0 
 .rodata        0x000000000000b6d4       0x14 ./src/modbus.o
 .rodata        0x000000000000b6e8       0x14 ./src/storage.o
 *(.rodata*)
 .rodata.log_buffer_hex.str1.4
                0x000000000000b6fc       0x43 ./src/utils/log.o
 *fill*         0x000000000000b73f        0x1 
 .rodata.__FUNCTION__.4497
                0x000000000000b740       0x13 ./src/modbus/discrete_input.o
 *fill*         0x000000000000b753        0x1 
 .rodata.modbus_di_callback.str1.4
                0x000000000000b754        0xf ./src/modbus/discrete_input.o
 *fill*         0x000000000000b763        0x1 
 .rodata.mb_reg_segs
                0x000000000000b764       0x30 ./src/modbus/regs.o
 .rodata.reset_dump
                0x000000000000b794       0x1c ./src/Main.o
 .rodata.main.str1.4
                0x000000000000b7b0       0x25 ./src/Main.o
 *fill*         0x000000000000b7d5        0x3 
 .rodata.reset_dump.str1.4
                0x000000000000b7d8       0x6a ./src/Main.o
 *fill*         0x000000000000b842        0x2 
 .rodata.uuid_dump.str1.4
                0x000000000000b844        0xa ./src/Main.o
                                         0x16 (size before relaxing)
 *fill*         0x000000000000b84e        0x2 
 .rodata.__FUNCTION__.4086
                0x000000000000b850       0x10 ./src/configtool.o
 .rodata.__FUNCTION__.4091
                0x000000000000b860       0x13 ./src/configtool.o
 *fill*         0x000000000000b873        0x1 
 .rodata.cfg_get_mb_uart.str1.4
                0x000000000000b874       0x14 ./src/configtool.o
 .rodata.cfg_init.str1.4
                0x000000000000b888       0x5d ./src/configtool.o
 *fill*         0x000000000000b8e5        0x3 
 .rodata.cfg_save_item.str1.4
                0x000000000000b8e8       0x3b ./src/configtool.o
 *fill*         0x000000000000b923        0x1 
 .rodata.CSWTCH.34
                0x000000000000b924       0x34 ./src/liblightmodbus-impl.o
 .rodata.modbusErrorStr.str1.4
                0x000000000000b958       0x16 ./src/liblightmodbus-impl.o
 *fill*         0x000000000000b96e        0x2 
 .rodata.str1.4
                0x000000000000b970      0x2df ./src/liblightmodbus-impl.o
 *fill*         0x000000000000bc4f        0x1 
 .rodata.__FUNCTION__.4585
                0x000000000000bc50       0x17 ./src/modbus.o
 *fill*         0x000000000000bc67        0x1 
 .rodata.modbus_frame_check.str1.4
                0x000000000000bc68       0x41 ./src/modbus.o
 *fill*         0x000000000000bca9        0x3 
 .rodata.modbus_init.str1.4
                0x000000000000bcac       0x1f ./src/modbus.o
 *fill*         0x000000000000bccb        0x1 
 .rodata.modbus_slave_uart_send.str1.4
                0x000000000000bccc        0xf ./src/modbus.o
 *fill*         0x000000000000bcdb        0x1 
 .rodata.Hzk1   0x000000000000bcdc       0xa0 ./src/oled.o
                0x000000000000bcdc                Hzk1
 .rodata.Hzk2   0x000000000000bd7c       0x48 ./src/oled.o
                0x000000000000bd7c                Hzk2
 .rodata.Hzk3   0x000000000000bdc4       0x80 ./src/oled.o
                0x000000000000bdc4                Hzk3
 .rodata.Hzk4   0x000000000000be44      0x200 ./src/oled.o
                0x000000000000be44                Hzk4
 .rodata.asc2_0806
                0x000000000000c044      0x228 ./src/oled.o
                0x000000000000c044                asc2_0806
 .rodata.asc2_1206
                0x000000000000c26c      0x474 ./src/oled.o
                0x000000000000c26c                asc2_1206
 .rodata.asc2_1608
                0x000000000000c6e0      0x5f0 ./src/oled.o
                0x000000000000c6e0                asc2_1608
 .rodata.asc2_2412
                0x000000000000ccd0      0xd5c ./src/oled.o
                0x000000000000ccd0                asc2_2412
 .rodata.CFB    0x000000000000da2c       0x1c ./src/onewire.o
 .rodata.COS_Factor
                0x000000000000da48       0x20 ./src/onewire.o
 .rodata.MY18B20_outputtotemp.cst4
                0x000000000000da68        0x4 ./src/onewire.o
 *fill*         0x000000000000da6c        0x4 
 .rodata.caprangetocfbcfg.cst8
                0x000000000000da70        0x8 ./src/onewire.o
 .rodata.cfbcfgtocaprange.cst4
                0x000000000000da78        0x4 ./src/onewire.o
 *fill*         0x000000000000da7c        0x4 
 .rodata.cfbcfgtocaprange.cst8
                0x000000000000da80        0x8 ./src/onewire.o
 .rodata.check_ack.str1.4
                0x000000000000da88       0x50 ./src/onewire.o
 .rodata.dev_type_choose_function.cst4
                0x000000000000dad8        0x8 ./src/onewire.o
 .rodata.dev_type_choose_function.str1.4
                0x000000000000dae0       0xa3 ./src/onewire.o
 *fill*         0x000000000000db83        0x5 
 .rodata.mdc02_capconfigurefs.cst8
                0x000000000000db88        0x8 ./src/onewire.o
 .rodata.mdc02_capconfigureoffset.cst4
                0x000000000000db90        0x4 ./src/onewire.o
 .rodata.mdc02_capconfigurerange.cst4
                0x000000000000db94        0x4 ./src/onewire.o
 .rodata.mdc02_outputtocap.cst8
                0x000000000000db98       0x10 ./src/onewire.o
 .rodata.mdc02_outputtotemp.cst8
                0x000000000000dba8       0x10 ./src/onewire.o
 .rodata.mdc02_range.cst4
                0x000000000000dbb8        0x8 ./src/onewire.o
 .rodata.mdc02_range.str1.4
                0x000000000000dbc0       0x20 ./src/onewire.o
 .rodata.onewire_find_alldevice.str1.4
                0x000000000000dbe0       0x35 ./src/onewire.o
                                         0x3a (size before relaxing)
 *fill*         0x000000000000dc15        0x3 
 .rodata.onewire_resetcheck.str1.4
                0x000000000000dc18        0x7 ./src/onewire.o
 *fill*         0x000000000000dc1f        0x1 
 .rodata.read_temp.str1.4
                0x000000000000dc20       0x2c ./src/onewire.o
 .rodata.readcapc2c3c4.str1.4
                0x000000000000dc4c        0x7 ./src/onewire.o
 *fill*         0x000000000000dc53        0x1 
 .rodata.romid_crc.str1.4
                0x000000000000dc54       0x64 ./src/onewire.o
 .rodata.mb_reg_after_write.str1.4
                0x000000000000dcb8       0x26 ./src/sensor.o
 *fill*         0x000000000000dcde        0x2 
 .rodata.__FUNCTION__.4144
                0x000000000000dce0        0xb ./src/storage.o
 *fill*         0x000000000000dceb        0x1 
 .rodata.__FUNCTION__.4169
                0x000000000000dcec       0x18 ./src/storage.o
 .rodata.st_delete_item_with_loc.str1.4
                0x000000000000dd04      0x11b ./src/storage.o
 *fill*         0x000000000000de1f        0x1 
 .rodata.st_find_item.str1.4
                0x000000000000de20       0xd4 ./src/storage.o
 .rodata.st_init.str1.4
                0x000000000000def4      0x1c8 ./src/storage.o
 .rodata.st_page_erase.str1.4
                0x000000000000e0bc       0x32 ./src/storage.o
 *fill*         0x000000000000e0ee        0x2 
 .rodata.st_page_read.str1.4
                0x000000000000e0f0       0x56 ./src/storage.o
 *fill*         0x000000000000e146        0x2 
 .rodata.st_page_status_str.str1.4
                0x000000000000e148       0x2b ./src/storage.o
 *fill*         0x000000000000e173        0x1 
 .rodata.st_page_status_update.constprop.12.str1.4
                0x000000000000e174       0x28 ./src/storage.o
 .rodata.st_page_write_item.constprop.10.str1.4
                0x000000000000e19c       0xc0 ./src/storage.o
 .rodata.st_write_item.str1.4
                0x000000000000e25c      0x11c ./src/storage.o
 .rodata.GPIOA_ModeCfg
                0x000000000000e378       0x14 ./StdPeriphDriver/CH58x_gpio.o
 .rodata.GPIOB_ModeCfg
                0x000000000000e38c       0x14 ./StdPeriphDriver/CH58x_gpio.o
 .rodata.__divdf3
                0x000000000000e3a0       0x40 c:/mounriver/mounriver_studio/toolchain/risc-v embedded gcc/bin/../lib/gcc/riscv-none-embed/8.2.0/rv32imac/ilp32\libgcc.a(divdf3.o)
 .rodata.__muldf3
                0x000000000000e3e0       0x40 c:/mounriver/mounriver_studio/toolchain/risc-v embedded gcc/bin/../lib/gcc/riscv-none-embed/8.2.0/rv32imac/ilp32\libgcc.a(muldf3.o)
 .rodata.__mulsf3
                0x000000000000e420       0x40 c:/mounriver/mounriver_studio/toolchain/risc-v embedded gcc/bin/../lib/gcc/riscv-none-embed/8.2.0/rv32imac/ilp32\libgcc.a(mulsf3.o)
 .rodata.__clz_tab
                0x000000000000e460      0x100 c:/mounriver/mounriver_studio/toolchain/risc-v embedded gcc/bin/../lib/gcc/riscv-none-embed/8.2.0/rv32imac/ilp32\libgcc.a(_clz.o)
                0x000000000000e460                __clz_tab
 .rodata._setlocale_r.str1.4
                0x000000000000e560        0xa c:/mounriver/mounriver_studio/toolchain/risc-v embedded gcc/bin/../lib/gcc/riscv-none-embed/8.2.0/../../../../riscv-none-embed/lib/rv32imac/ilp32\libg_nano.a(lib_a-locale.o)
                                          0xd (size before relaxing)
 *fill*         0x000000000000e56a        0x2 
 .rodata.str1.4
                0x000000000000e56c        0x2 c:/mounriver/mounriver_studio/toolchain/risc-v embedded gcc/bin/../lib/gcc/riscv-none-embed/8.2.0/../../../../riscv-none-embed/lib/rv32imac/ilp32\libg_nano.a(lib_a-locale.o)
 *fill*         0x000000000000e56e        0x2 
 .rodata._printf_float.cst8
                0x000000000000e570        0x8 c:/mounriver/mounriver_studio/toolchain/risc-v embedded gcc/bin/../lib/gcc/riscv-none-embed/8.2.0/../../../../riscv-none-embed/lib/rv32imac/ilp32\libg_nano.a(lib_a-nano-vfprintf_float.o)
 .rodata._printf_float.str1.4
                0x000000000000e578       0x12 c:/mounriver/mounriver_studio/toolchain/risc-v embedded gcc/bin/../lib/gcc/riscv-none-embed/8.2.0/../../../../riscv-none-embed/lib/rv32imac/ilp32\libg_nano.a(lib_a-nano-vfprintf_float.o)
 *fill*         0x000000000000e58a        0x2 
 .rodata._printf_i.str1.4
                0x000000000000e58c       0x25 c:/mounriver/mounriver_studio/toolchain/risc-v embedded gcc/bin/../lib/gcc/riscv-none-embed/8.2.0/../../../../riscv-none-embed/lib/rv32imac/ilp32\libg_nano.a(lib_a-nano-vfprintf_i.o)
 *fill*         0x000000000000e5b1        0x3 
 .rodata._ctype_
                0x000000000000e5b4      0x101 c:/mounriver/mounriver_studio/toolchain/risc-v embedded gcc/bin/../lib/gcc/riscv-none-embed/8.2.0/../../../../riscv-none-embed/lib/rv32imac/ilp32\libg_nano.a(lib_a-ctype_.o)
                0x000000000000e5b4                _ctype_
 *fill*         0x000000000000e6b5        0x3 
 .rodata._dtoa_r.cst8
                0x000000000000e6b8       0x40 c:/mounriver/mounriver_studio/toolchain/risc-v embedded gcc/bin/../lib/gcc/riscv-none-embed/8.2.0/../../../../riscv-none-embed/lib/rv32imac/ilp32\libg_nano.a(lib_a-dtoa.o)
                                         0x48 (size before relaxing)
 .rodata._dtoa_r.str1.4
                0x000000000000e6f8       0x10 c:/mounriver/mounriver_studio/toolchain/risc-v embedded gcc/bin/../lib/gcc/riscv-none-embed/8.2.0/../../../../riscv-none-embed/lib/rv32imac/ilp32\libg_nano.a(lib_a-dtoa.o)
                                         0x12 (size before relaxing)
 .rodata.__sf_fake_stderr
                0x000000000000e708       0x20 c:/mounriver/mounriver_studio/toolchain/risc-v embedded gcc/bin/../lib/gcc/riscv-none-embed/8.2.0/../../../../riscv-none-embed/lib/rv32imac/ilp32\libg_nano.a(lib_a-findfp.o)
                0x000000000000e708                __sf_fake_stderr
 .rodata.__sf_fake_stdin
                0x000000000000e728       0x20 c:/mounriver/mounriver_studio/toolchain/risc-v embedded gcc/bin/../lib/gcc/riscv-none-embed/8.2.0/../../../../riscv-none-embed/lib/rv32imac/ilp32\libg_nano.a(lib_a-findfp.o)
                0x000000000000e728                __sf_fake_stdin
 .rodata.__sf_fake_stdout
                0x000000000000e748       0x20 c:/mounriver/mounriver_studio/toolchain/risc-v embedded gcc/bin/../lib/gcc/riscv-none-embed/8.2.0/../../../../riscv-none-embed/lib/rv32imac/ilp32\libg_nano.a(lib_a-findfp.o)
                0x000000000000e748                __sf_fake_stdout
 .rodata.__mprec_bigtens
                0x000000000000e768       0x28 c:/mounriver/mounriver_studio/toolchain/risc-v embedded gcc/bin/../lib/gcc/riscv-none-embed/8.2.0/../../../../riscv-none-embed/lib/rv32imac/ilp32\libg_nano.a(lib_a-mprec.o)
                0x000000000000e768                __mprec_bigtens
 .rodata.__mprec_tens
                0x000000000000e790       0xc8 c:/mounriver/mounriver_studio/toolchain/risc-v embedded gcc/bin/../lib/gcc/riscv-none-embed/8.2.0/../../../../riscv-none-embed/lib/rv32imac/ilp32\libg_nano.a(lib_a-mprec.o)
                0x000000000000e790                __mprec_tens
 .rodata.p05.3319
                0x000000000000e858        0xc c:/mounriver/mounriver_studio/toolchain/risc-v embedded gcc/bin/../lib/gcc/riscv-none-embed/8.2.0/../../../../riscv-none-embed/lib/rv32imac/ilp32\libg_nano.a(lib_a-mprec.o)
 .rodata._svfprintf_r.str1.4
                0x000000000000e864       0x14 c:/mounriver/mounriver_studio/toolchain/risc-v embedded gcc/bin/../lib/gcc/riscv-none-embed/8.2.0/../../../../riscv-none-embed/lib/rv32imac/ilp32\libg_nano.a(lib_a-nano-svfprintf.o)
                                         0x13 (size before relaxing)
 .rodata._vfprintf_r.str1.4
                0x000000000000e878       0x13 c:/mounriver/mounriver_studio/toolchain/risc-v embedded gcc/bin/../lib/gcc/riscv-none-embed/8.2.0/../../../../riscv-none-embed/lib/rv32imac/ilp32\libg_nano.a(lib_a-nano-vfprintf.o)
 *(.sdata2.*)
 .sdata2.CSWTCH.31
                0x000000000000e878        0x4 ./src/liblightmodbus-impl.o
 .sdata2.CSWTCH.32
                0x000000000000e87c        0x8 ./src/liblightmodbus-impl.o
 .sdata2.CSWTCH.33
                0x000000000000e884        0x4 ./src/liblightmodbus-impl.o
 .sdata2.modbusSlaveDefaultFunctionCount
                0x000000000000e888        0x1 ./src/liblightmodbus-impl.o
                0x000000000000e888                modbusSlaveDefaultFunctionCount
 *fill*         0x000000000000e889        0x3 
 .sdata2._global_impure_ptr
                0x000000000000e88c        0x4 c:/mounriver/mounriver_studio/toolchain/risc-v embedded gcc/bin/../lib/gcc/riscv-none-embed/8.2.0/../../../../riscv-none-embed/lib/rv32imac/ilp32\libg_nano.a(lib_a-impure.o)
                0x000000000000e88c                _global_impure_ptr
 *(.glue_7)
 *(.glue_7t)
 *(.gnu.linkonce.t.*)
                0x000000000000e890                . = ALIGN (0x4)

.rela.dyn       0x000000000000e890        0x0
 .rela.text.onewire_find_alldevice
                0x000000000000e890        0x0 ./src/utils/crc.o
 .rela.text.mdc02_writeparameters_skiprom
                0x000000000000e890        0x0 ./src/utils/crc.o
 .rela.text.mdc02_readparameters_skiprom
                0x000000000000e890        0x0 ./src/utils/crc.o
 .rela.text.mdc02_writescratchpad_skiprom
                0x000000000000e890        0x0 ./src/utils/crc.o
 .rela.text.convertcap
                0x000000000000e890        0x0 ./src/utils/crc.o
 .rela.text.converttemp
                0x000000000000e890        0x0 ./src/utils/crc.o
 .rela.text.convert_tempcap1
                0x000000000000e890        0x0 ./src/utils/crc.o
 .rela.text.mdc02_readscratchpad_skiprom
                0x000000000000e890        0x0 ./src/utils/crc.o
 .rela.text.mdc02_readc2c3c4_skiprom
                0x000000000000e890        0x0 ./src/utils/crc.o
 .rela.text.romid_crc
                0x000000000000e890        0x0 ./src/utils/crc.o
 .rela.text.mdc02_range
                0x000000000000e890        0x0 ./src/utils/crc.o
 .rela.text.dev_type_choose_function
                0x000000000000e890        0x0 ./src/utils/crc.o
 .rela.init     0x000000000000e890        0x0 ./src/utils/crc.o
 .rela.vector   0x000000000000e890        0x0 ./src/utils/crc.o
 .rela.handle_reset
                0x000000000000e890        0x0 ./src/utils/crc.o
 .rela.text._sbrk_r
                0x000000000000e890        0x0 ./src/utils/crc.o
 .rela.text._svfprintf_r
                0x000000000000e890        0x0 ./src/utils/crc.o
 .rela.text._vfprintf_r
                0x000000000000e890        0x0 ./src/utils/crc.o
 .rela.text._write_r
                0x000000000000e890        0x0 ./src/utils/crc.o
 .rela.text._close_r
                0x000000000000e890        0x0 ./src/utils/crc.o
 .rela.text._fstat_r
                0x000000000000e890        0x0 ./src/utils/crc.o
 .rela.text._isatty_r
                0x000000000000e890        0x0 ./src/utils/crc.o
 .rela.text._lseek_r
                0x000000000000e890        0x0 ./src/utils/crc.o
 .rela.text._read_r
                0x000000000000e890        0x0 ./src/utils/crc.o
 .rela.text._close
                0x000000000000e890        0x0 ./src/utils/crc.o
 .rela.text._fstat
                0x000000000000e890        0x0 ./src/utils/crc.o
 .rela.text._isatty
                0x000000000000e890        0x0 ./src/utils/crc.o
 .rela.text._lseek
                0x000000000000e890        0x0 ./src/utils/crc.o
 .rela.text._read
                0x000000000000e890        0x0 ./src/utils/crc.o
 .rela.text._sbrk
                0x000000000000e890        0x0 ./src/utils/crc.o

.fini           0x000000000000e890        0x0
 *(SORT_NONE(.fini))
                0x000000000000e890                . = ALIGN (0x4)
                [!provide]                        PROVIDE (_etext = .)
                [!provide]                        PROVIDE (_eitcm = .)

.preinit_array  0x000000000000e890        0x0
                [!provide]                        PROVIDE (__preinit_array_start = .)
 *(.preinit_array)
                [!provide]                        PROVIDE (__preinit_array_end = .)

.init_array     0x000000000000e890        0x0
                [!provide]                        PROVIDE (__init_array_start = .)
 *(SORT_BY_INIT_PRIORITY(.init_array.*) SORT_BY_INIT_PRIORITY(.ctors.*))
 *(.init_array EXCLUDE_FILE(*crtend?.o *crtend.o *crtbegin?.o *crtbegin.o) .ctors)
                [!provide]                        PROVIDE (__init_array_end = .)

.fini_array     0x000000000000e890        0x0
                [!provide]                        PROVIDE (__fini_array_start = .)
 *(SORT_BY_INIT_PRIORITY(.fini_array.*) SORT_BY_INIT_PRIORITY(.dtors.*))
 *(.fini_array EXCLUDE_FILE(*crtend?.o *crtend.o *crtbegin?.o *crtbegin.o) .dtors)
                [!provide]                        PROVIDE (__fini_array_end = .)

.ctors
 *crtbegin.o(.ctors)
 *crtbegin?.o(.ctors)
 *(EXCLUDE_FILE(*crtend?.o *crtend.o) .ctors)
 *(SORT_BY_NAME(.ctors.*))
 *(.ctors)

.dtors
 *crtbegin.o(.dtors)
 *crtbegin?.o(.dtors)
 *(EXCLUDE_FILE(*crtend?.o *crtend.o) .dtors)
 *(SORT_BY_NAME(.dtors.*))
 *(.dtors)

.dalign         0x0000000020000848        0x0 load address 0x000000000000e890
                0x0000000020000848                . = (ORIGIN (RAM) + MAX (0x800, SIZEOF (.highcode)))

.dlalign        0x000000000000e890        0x0
                0x000000000000e890                . = ALIGN (0x4)
                0x000000000000e890                PROVIDE (_data_lma = .)

.data           0x0000000020000848      0x268 load address 0x000000000000e890
                0x0000000020000848                . = ALIGN (0x4)
                0x0000000020000848                PROVIDE (_data_vma = .)
 *(.gnu.linkonce.r.*)
 *(.data .data.*)
 .data.cfg_items
                0x0000000020000848       0x3c ./src/configtool.o
 .data.modbusSlaveDefaultFunctions
                0x0000000020000884       0x50 ./src/liblightmodbus-impl.o
                0x0000000020000884                modbusSlaveDefaultFunctions
 .data.__global_locale
                0x00000000200008d4      0x16c c:/mounriver/mounriver_studio/toolchain/risc-v embedded gcc/bin/../lib/gcc/riscv-none-embed/8.2.0/../../../../riscv-none-embed/lib/rv32imac/ilp32\libg_nano.a(lib_a-locale.o)
                0x00000000200008d4                __global_locale
 .data.impure_data
                0x0000000020000a40       0x60 c:/mounriver/mounriver_studio/toolchain/risc-v embedded gcc/bin/../lib/gcc/riscv-none-embed/8.2.0/../../../../riscv-none-embed/lib/rv32imac/ilp32\libg_nano.a(lib_a-impure.o)
 *(.gnu.linkonce.d.*)
                0x0000000020000aa0                . = ALIGN (0x8)
                0x00000000200012a0                PROVIDE (__global_pointer$ = (. + 0x800))
 *(.sdata .sdata.*)
 .sdata.mb_di_list
                0x0000000020000aa0        0x8 ./src/modbus/discrete_input.o
                0x0000000020000aa0                mb_di_list
 .sdata._impure_ptr
                0x0000000020000aa8        0x4 c:/mounriver/mounriver_studio/toolchain/risc-v embedded gcc/bin/../lib/gcc/riscv-none-embed/8.2.0/../../../../riscv-none-embed/lib/rv32imac/ilp32\libg_nano.a(lib_a-impure.o)
                0x0000000020000aa8                _impure_ptr
 *(.gnu.linkonce.s.*)
                0x0000000020000ab0                . = ALIGN (0x8)
 *fill*         0x0000000020000aac        0x4 
 *(.srodata.cst16)
 *(.srodata.cst8)
 *(.srodata.cst4)
 *(.srodata.cst2)
 *(.srodata .srodata.*)
                0x0000000020000ab0                . = ALIGN (0x4)
                0x0000000020000ab0                PROVIDE (_edata = .)

.appinfo        0x0000000020000ab0       0x2a load address 0x000000000000eaf8
 .appinfo       0x0000000020000ab0       0x2a ./src/appinfo.o

.bss            0x0000000020000ae0      0xc50 load address 0x000000000000eb22
                0x0000000020000ae0                . = ALIGN (0x4)
                0x0000000020000ae0                PROVIDE (_sbss = .)
 *(.sbss*)
 .sbss.mb_di_pr_cache
                0x0000000020000ae0        0x1 ./src/modbus/discrete_input.o
 *fill*         0x0000000020000ae1        0x3 
 .sbss.mb_iregs
                0x0000000020000ae4        0x2 ./src/modbus/iregs.o
 *fill*         0x0000000020000ae6        0x2 
 .sbss.mb_pr_iregs
                0x0000000020000ae8        0x2 ./src/modbus/iregs.o
 *fill*         0x0000000020000aea        0x2 
 .sbss.mb_test_regs
                0x0000000020000aec        0x4 ./src/modbus/regs.o
 .sbss.cfg_flag_init
                0x0000000020000af0        0x1 ./src/configtool.o
 .sbss.mb_timer_ref
                0x0000000020000af1        0x1 ./src/modbus.o
 .sbss.flag_refresh
                0x0000000020000af2        0x1 ./src/oled.o
 *fill*         0x0000000020000af3        0x1 
 .sbss.ow_flag_timerout
                0x0000000020000af4        0x4 ./src/onewire.o
 .sbss.sensor_ctx
                0x0000000020000af8        0x8 ./src/sensor.o
 .sbss.uid_read
                0x0000000020000b00        0x1 ./src/uid.o
 *fill*         0x0000000020000b01        0x7 
 .sbss.worktime
                0x0000000020000b08        0x8 ./src/worktime.o
 .sbss.__malloc_free_list
                0x0000000020000b10        0x4 c:/mounriver/mounriver_studio/toolchain/risc-v embedded gcc/bin/../lib/gcc/riscv-none-embed/8.2.0/../../../../riscv-none-embed/lib/rv32imac/ilp32\libg_nano.a(lib_a-nano-mallocr.o)
                0x0000000020000b10                __malloc_free_list
 .sbss.__malloc_sbrk_start
                0x0000000020000b14        0x4 c:/mounriver/mounriver_studio/toolchain/risc-v embedded gcc/bin/../lib/gcc/riscv-none-embed/8.2.0/../../../../riscv-none-embed/lib/rv32imac/ilp32\libg_nano.a(lib_a-nano-mallocr.o)
                0x0000000020000b14                __malloc_sbrk_start
 .sbss.heap_end.1518
                0x0000000020000b18        0x4 c:/mounriver/mounriver_studio/toolchain/risc-v embedded gcc/bin/../lib/gcc/riscv-none-embed/8.2.0/../../../../riscv-none-embed/lib/rv32imac/ilp32\libnosys.a(sbrk.o)
 *(.gnu.linkonce.sb.*)
 *(.bss*)
 .bss.mb_config_regs
                0x0000000020000b1c        0xe ./src/modbus/regs.o
 *fill*         0x0000000020000b2a        0x2 
 .bss.mb_ro_regs
                0x0000000020000b2c       0xe0 ./src/modbus/regs.o
 .bss.mb_rwa_regs
                0x0000000020000c0c       0x1e ./src/modbus/regs.o
 *fill*         0x0000000020000c2a        0x2 
 .bss.cfg_cache
                0x0000000020000c2c       0x3c ./src/configtool.o
 .bss.line_idx  0x0000000020000c68       0x10 ./src/display.o
 .bss.lines     0x0000000020000c78       0x48 ./src/display.o
 .bss.mb_slave_ctx
                0x0000000020000cc0      0x260 ./src/modbus.o
 .bss.OLED_GRAM
                0x0000000020000f20      0x480 ./src/oled.o
 .bss.st_ctx    0x00000000200013a0       0x34 ./src/storage.o
 .bss.uid       0x00000000200013d4        0x9 ./src/uid.o
 *(.gnu.linkonce.b.*)
 *(COMMON*)
 *fill*         0x00000000200013dd        0x3 
 COMMON         0x00000000200013e0      0x34c ./src/onewire.o
                0x00000000200013e0                device_t
                0x0000000020001704                onewire_dev
                0x0000000020001724                ROM_NO
 COMMON         0x000000002000172c        0x4 c:/mounriver/mounriver_studio/toolchain/risc-v embedded gcc/bin/../lib/gcc/riscv-none-embed/8.2.0/../../../../riscv-none-embed/lib/rv32imac/ilp32\libg_nano.a(lib_a-reent.o)
                0x000000002000172c                errno
                0x0000000020001730                . = ALIGN (0x4)
                0x0000000020001730                PROVIDE (_ebss = .)
                [!provide]                        PROVIDE (_end = _ebss)
                0x0000000020001730                PROVIDE (end = .)

.stack          0x0000000020008000        0x0
                0x0000000020008000                . = ALIGN (0x4)
                0x0000000020008000                PROVIDE (_eusrstack = .)
OUTPUT(CH582M-app-integrate.elf elf32-littleriscv)

.debug_info     0x0000000000000000    0x20ac7
 .debug_info    0x0000000000000000      0xa04 ./src/utils/crc.o
 .debug_info    0x0000000000000a04      0xf74 ./src/utils/log.o
 .debug_info    0x0000000000001978     0x1316 ./src/modbus/coils.o
 .debug_info    0x0000000000002c8e     0x16ba ./src/modbus/discrete_input.o
 .debug_info    0x0000000000004348     0x1294 ./src/modbus/iregs.o
 .debug_info    0x00000000000055dc     0x1620 ./src/modbus/regs.o
 .debug_info    0x0000000000006bfc     0x15cb ./src/Main.o
 .debug_info    0x00000000000081c7      0x152 ./src/appinfo.o
 .debug_info    0x0000000000008319     0x168d ./src/configtool.o
 .debug_info    0x00000000000099a6      0xd29 ./src/display.o
 .debug_info    0x000000000000a6cf     0x2b86 ./src/liblightmodbus-impl.o
 .debug_info    0x000000000000d255     0x22a2 ./src/modbus.o
 .debug_info    0x000000000000f4f7     0x1c5d ./src/oled.o
 .debug_info    0x0000000000011154     0x3f47 ./src/onewire.o
 .debug_info    0x000000000001509b     0x1752 ./src/sensor.o
 .debug_info    0x00000000000167ed     0x2bbe ./src/storage.o
 .debug_info    0x00000000000193ab      0xcc9 ./src/uid.o
 .debug_info    0x000000000001a074     0x10aa ./src/worktime.o
 .debug_info    0x000000000001b11e      0xe62 ./StdPeriphDriver/CH58x_gpio.o
 .debug_info    0x000000000001bf80     0x12a5 ./StdPeriphDriver/CH58x_sys.o
 .debug_info    0x000000000001d225      0xdb4 ./StdPeriphDriver/CH58x_timer0.o
 .debug_info    0x000000000001dfd9      0xe58 ./StdPeriphDriver/CH58x_timer1.o
 .debug_info    0x000000000001ee31      0xe3a ./StdPeriphDriver/CH58x_uart1.o
 .debug_info    0x000000000001fc6b      0xe3a ./StdPeriphDriver/CH58x_uart3.o
 .debug_info    0x0000000000020aa5       0x22 ./Startup/startup_CH583.o

.debug_abbrev   0x0000000000000000     0x5142
 .debug_abbrev  0x0000000000000000      0x1cc ./src/utils/crc.o
 .debug_abbrev  0x00000000000001cc      0x2a8 ./src/utils/log.o
 .debug_abbrev  0x0000000000000474      0x321 ./src/modbus/coils.o
 .debug_abbrev  0x0000000000000795      0x3b8 ./src/modbus/discrete_input.o
 .debug_abbrev  0x0000000000000b4d      0x2ff ./src/modbus/iregs.o
 .debug_abbrev  0x0000000000000e4c      0x3e1 ./src/modbus/regs.o
 .debug_abbrev  0x000000000000122d      0x2ed ./src/Main.o
 .debug_abbrev  0x000000000000151a       0xb9 ./src/appinfo.o
 .debug_abbrev  0x00000000000015d3      0x3f9 ./src/configtool.o
 .debug_abbrev  0x00000000000019cc      0x31e ./src/display.o
 .debug_abbrev  0x0000000000001cea      0x5a9 ./src/liblightmodbus-impl.o
 .debug_abbrev  0x0000000000002293      0x5ff ./src/modbus.o
 .debug_abbrev  0x0000000000002892      0x45b ./src/oled.o
 .debug_abbrev  0x0000000000002ced      0x743 ./src/onewire.o
 .debug_abbrev  0x0000000000003430      0x32b ./src/sensor.o
 .debug_abbrev  0x000000000000375b      0x4fe ./src/storage.o
 .debug_abbrev  0x0000000000003c59      0x222 ./src/uid.o
 .debug_abbrev  0x0000000000003e7b      0x316 ./src/worktime.o
 .debug_abbrev  0x0000000000004191      0x268 ./StdPeriphDriver/CH58x_gpio.o
 .debug_abbrev  0x00000000000043f9      0x368 ./StdPeriphDriver/CH58x_sys.o
 .debug_abbrev  0x0000000000004761      0x235 ./StdPeriphDriver/CH58x_timer0.o
 .debug_abbrev  0x0000000000004996      0x246 ./StdPeriphDriver/CH58x_timer1.o
 .debug_abbrev  0x0000000000004bdc      0x2aa ./StdPeriphDriver/CH58x_uart1.o
 .debug_abbrev  0x0000000000004e86      0x2aa ./StdPeriphDriver/CH58x_uart3.o
 .debug_abbrev  0x0000000000005130       0x12 ./Startup/startup_CH583.o

.debug_loc      0x0000000000000000     0xb1b4
 .debug_loc     0x0000000000000000     0x23cb ./src/utils/crc.o
 .debug_loc     0x00000000000023cb      0x3c3 ./src/utils/log.o
 .debug_loc     0x000000000000278e       0xd7 ./src/modbus/coils.o
 .debug_loc     0x0000000000002865      0x2ac ./src/modbus/discrete_input.o
 .debug_loc     0x0000000000002b11       0xee ./src/modbus/iregs.o
 .debug_loc     0x0000000000002bff      0x466 ./src/modbus/regs.o
 .debug_loc     0x0000000000003065       0x9f ./src/Main.o
 .debug_loc     0x0000000000003104      0x489 ./src/configtool.o
 .debug_loc     0x000000000000358d      0x1e2 ./src/display.o
 .debug_loc     0x000000000000376f     0x2648 ./src/liblightmodbus-impl.o
 .debug_loc     0x0000000000005db7      0x4e6 ./src/modbus.o
 .debug_loc     0x000000000000629d      0xd16 ./src/oled.o
 .debug_loc     0x0000000000006fb3     0x1d2a ./src/onewire.o
 .debug_loc     0x0000000000008cdd      0x1ca ./src/sensor.o
 .debug_loc     0x0000000000008ea7     0x1811 ./src/storage.o
 .debug_loc     0x000000000000a6b8       0x5f ./src/worktime.o
 .debug_loc     0x000000000000a717      0x361 ./StdPeriphDriver/CH58x_gpio.o
 .debug_loc     0x000000000000aa78      0x25a ./StdPeriphDriver/CH58x_sys.o
 .debug_loc     0x000000000000acd2       0x84 ./StdPeriphDriver/CH58x_timer0.o
 .debug_loc     0x000000000000ad56       0x84 ./StdPeriphDriver/CH58x_timer1.o
 .debug_loc     0x000000000000adda      0x1ed ./StdPeriphDriver/CH58x_uart1.o
 .debug_loc     0x000000000000afc7      0x1ed ./StdPeriphDriver/CH58x_uart3.o

.debug_aranges  0x0000000000000000      0x9b0
 .debug_aranges
                0x0000000000000000       0x60 ./src/utils/crc.o
 .debug_aranges
                0x0000000000000060       0x28 ./src/utils/log.o
 .debug_aranges
                0x0000000000000088       0x30 ./src/modbus/coils.o
 .debug_aranges
                0x00000000000000b8       0x30 ./src/modbus/discrete_input.o
 .debug_aranges
                0x00000000000000e8       0x30 ./src/modbus/iregs.o
 .debug_aranges
                0x0000000000000118       0x48 ./src/modbus/regs.o
 .debug_aranges
                0x0000000000000160       0x30 ./src/Main.o
 .debug_aranges
                0x0000000000000190       0x20 ./src/appinfo.o
 .debug_aranges
                0x00000000000001b0       0x58 ./src/configtool.o
 .debug_aranges
                0x0000000000000208       0x30 ./src/display.o
 .debug_aranges
                0x0000000000000238       0xe8 ./src/liblightmodbus-impl.o
 .debug_aranges
                0x0000000000000320       0x98 ./src/modbus.o
 .debug_aranges
                0x00000000000003b8       0xa8 ./src/oled.o
 .debug_aranges
                0x0000000000000460      0x210 ./src/onewire.o
 .debug_aranges
                0x0000000000000670       0x38 ./src/sensor.o
 .debug_aranges
                0x00000000000006a8       0x98 ./src/storage.o
 .debug_aranges
                0x0000000000000740       0x20 ./src/uid.o
 .debug_aranges
                0x0000000000000760       0x38 ./src/worktime.o
 .debug_aranges
                0x0000000000000798       0x48 ./StdPeriphDriver/CH58x_gpio.o
 .debug_aranges
                0x00000000000007e0       0x88 ./StdPeriphDriver/CH58x_sys.o
 .debug_aranges
                0x0000000000000868       0x38 ./StdPeriphDriver/CH58x_timer0.o
 .debug_aranges
                0x00000000000008a0       0x40 ./StdPeriphDriver/CH58x_timer1.o
 .debug_aranges
                0x00000000000008e0       0x50 ./StdPeriphDriver/CH58x_uart1.o
 .debug_aranges
                0x0000000000000930       0x50 ./StdPeriphDriver/CH58x_uart3.o
 .debug_aranges
                0x0000000000000980       0x30 ./Startup/startup_CH583.o

.debug_ranges   0x0000000000000000     0x1388
 .debug_ranges  0x0000000000000000       0xb0 ./src/utils/crc.o
 .debug_ranges  0x00000000000000b0       0x70 ./src/utils/log.o
 .debug_ranges  0x0000000000000120       0x20 ./src/modbus/coils.o
 .debug_ranges  0x0000000000000140       0x38 ./src/modbus/discrete_input.o
 .debug_ranges  0x0000000000000178       0x50 ./src/modbus/iregs.o
 .debug_ranges  0x00000000000001c8       0x58 ./src/modbus/regs.o
 .debug_ranges  0x0000000000000220       0x20 ./src/Main.o
 .debug_ranges  0x0000000000000240       0x10 ./src/appinfo.o
 .debug_ranges  0x0000000000000250       0x68 ./src/configtool.o
 .debug_ranges  0x00000000000002b8       0x38 ./src/display.o
 .debug_ranges  0x00000000000002f0      0x6c0 ./src/liblightmodbus-impl.o
 .debug_ranges  0x00000000000009b0      0x130 ./src/modbus.o
 .debug_ranges  0x0000000000000ae0       0xe8 ./src/oled.o
 .debug_ranges  0x0000000000000bc8      0x348 ./src/onewire.o
 .debug_ranges  0x0000000000000f10       0x28 ./src/sensor.o
 .debug_ranges  0x0000000000000f38      0x250 ./src/storage.o
 .debug_ranges  0x0000000000001188       0x10 ./src/uid.o
 .debug_ranges  0x0000000000001198       0x40 ./src/worktime.o
 .debug_ranges  0x00000000000011d8       0x38 ./StdPeriphDriver/CH58x_gpio.o
 .debug_ranges  0x0000000000001210       0x78 ./StdPeriphDriver/CH58x_sys.o
 .debug_ranges  0x0000000000001288       0x28 ./StdPeriphDriver/CH58x_timer0.o
 .debug_ranges  0x00000000000012b0       0x30 ./StdPeriphDriver/CH58x_timer1.o
 .debug_ranges  0x00000000000012e0       0x40 ./StdPeriphDriver/CH58x_uart1.o
 .debug_ranges  0x0000000000001320       0x40 ./StdPeriphDriver/CH58x_uart3.o
 .debug_ranges  0x0000000000001360       0x28 ./Startup/startup_CH583.o

.debug_line     0x0000000000000000    0x11875
 .debug_line    0x0000000000000000      0xd1a ./src/utils/crc.o
 .debug_line    0x0000000000000d1a      0x672 ./src/utils/log.o
 .debug_line    0x000000000000138c      0x39f ./src/modbus/coils.o
 .debug_line    0x000000000000172b      0x5c3 ./src/modbus/discrete_input.o
 .debug_line    0x0000000000001cee      0x3c3 ./src/modbus/iregs.o
 .debug_line    0x00000000000020b1      0x82c ./src/modbus/regs.o
 .debug_line    0x00000000000028dd      0x6f3 ./src/Main.o
 .debug_line    0x0000000000002fd0      0x147 ./src/appinfo.o
 .debug_line    0x0000000000003117      0xa04 ./src/configtool.o
 .debug_line    0x0000000000003b1b      0x5f6 ./src/display.o
 .debug_line    0x0000000000004111     0x2407 ./src/liblightmodbus-impl.o
 .debug_line    0x0000000000006518     0x10f0 ./src/modbus.o
 .debug_line    0x0000000000007608     0x143f ./src/oled.o
 .debug_line    0x0000000000008a47     0x3662 ./src/onewire.o
 .debug_line    0x000000000000c0a9      0x5ff ./src/sensor.o
 .debug_line    0x000000000000c6a8     0x2499 ./src/storage.o
 .debug_line    0x000000000000eb41      0x273 ./src/uid.o
 .debug_line    0x000000000000edb4      0x36f ./src/worktime.o
 .debug_line    0x000000000000f123      0x704 ./StdPeriphDriver/CH58x_gpio.o
 .debug_line    0x000000000000f827      0xc69 ./StdPeriphDriver/CH58x_sys.o
 .debug_line    0x0000000000010490      0x360 ./StdPeriphDriver/CH58x_timer0.o
 .debug_line    0x00000000000107f0      0x410 ./StdPeriphDriver/CH58x_timer1.o
 .debug_line    0x0000000000010c00      0x547 ./StdPeriphDriver/CH58x_uart1.o
 .debug_line    0x0000000000011147      0x547 ./StdPeriphDriver/CH58x_uart3.o
 .debug_line    0x000000000001168e      0x1e7 ./Startup/startup_CH583.o

.debug_str      0x0000000000000000     0x400d
 .debug_str     0x0000000000000000      0x251 ./src/utils/crc.o
                                        0x2b5 (size before relaxing)
 .debug_str     0x0000000000000251      0x744 ./src/utils/log.o
                                        0x948 (size before relaxing)
 .debug_str     0x0000000000000995      0xbff ./src/modbus/coils.o
                                       0x11f6 (size before relaxing)
 .debug_str     0x0000000000001594      0x10e ./src/modbus/discrete_input.o
                                       0x14f5 (size before relaxing)
 .debug_str     0x00000000000016a2      0x127 ./src/modbus/iregs.o
                                       0x1244 (size before relaxing)
 .debug_str     0x00000000000017c9      0x22f ./src/modbus/regs.o
                                       0x1383 (size before relaxing)
 .debug_str     0x00000000000019f8      0x417 ./src/Main.o
                                       0x10ba (size before relaxing)
 .debug_str     0x0000000000001e0f       0x49 ./src/appinfo.o
                                        0x1e4 (size before relaxing)
 .debug_str     0x0000000000001e58      0x350 ./src/configtool.o
                                        0xc13 (size before relaxing)
 .debug_str     0x00000000000021a8       0xfe ./src/display.o
                                        0x69f (size before relaxing)
 .debug_str     0x00000000000022a6      0x483 ./src/liblightmodbus-impl.o